../Drivers/STM32F4xx_HAL_Driver/Inc/stm32f4xx_ll_spi.h:731:26:LL_SPI_IsActiveFlag_RXNE	16	static
../Drivers/STM32F4xx_HAL_Driver/Inc/stm32f4xx_ll_spi.h:742:26:LL_SPI_IsActiveFlag_TXE	16	static
../Drivers/STM32F4xx_HAL_Driver/Inc/stm32f4xx_ll_spi.h:793:26:LL_SPI_IsActiveFlag_BSY	16	static
../Drivers/STM32F4xx_HAL_Driver/Inc/stm32f4xx_ll_spi.h:1075:25:LL_SPI_ReceiveData8	16	static
../Drivers/STM32F4xx_HAL_Driver/Inc/stm32f4xx_ll_spi.h:1098:22:LL_SPI_TransmitData8	24	static
../Drivers/STM32F4xx_HAL_Driver/Inc/stm32f4xx_ll_gpio.h:881:22:LL_GPIO_SetOutputPin	16	static
../Drivers/STM32F4xx_HAL_Driver/Inc/stm32f4xx_ll_gpio.h:910:22:LL_GPIO_ResetOutputPin	16	static
../Core/Src/nrf24l01p.c:13:13:cs_high	8	static
../Core/Src/nrf24l01p.c:18:13:cs_low	8	static
../Core/Src/nrf24l01p.c:23:13:ce_high	8	static
../Core/Src/nrf24l01p.c:28:13:ce_low	8	static
../Core/Src/nrf24l01p.c:33:16:read_register	24	static
../Core/Src/nrf24l01p.c:58:16:write_register	24	static
../Core/Src/nrf24l01p.c:85:6:nrf24l01p_rx_init	16	static
../Core/Src/nrf24l01p.c:107:6:nrf24l01p_tx_init	16	static
../Core/Src/nrf24l01p.c:127:6:nrf24l01p_rx_receive	16	static
../Core/Src/nrf24l01p.c:135:6:nrf24l01p_tx_transmit	16	static
../Core/Src/nrf24l01p.c:140:6:nrf24l01p_tx_irq	16	static
../Core/Src/nrf24l01p.c:161:6:nrf24l01p_reset	8	static
../Core/Src/nrf24l01p.c:192:6:nrf24l01p_prx_mode	16	static
../Core/Src/nrf24l01p.c:200:6:nrf24l01p_ptx_mode	16	static
../Core/Src/nrf24l01p.c:208:9:nrf24l01p_read_rx_fifo	32	static
../Core/Src/nrf24l01p.c:221:9:nrf24l01p_write_tx_fifo	32	static
../Core/Src/nrf24l01p.c:234:6:nrf24l01p_flush_rx_fifo	24	static
../Core/Src/nrf24l01p.c:244:6:nrf24l01p_flush_tx_fifo	24	static
../Core/Src/nrf24l01p.c:254:9:nrf24l01p_get_status	24	static
../Core/Src/nrf24l01p.c:266:9:nrf24l01p_get_fifo_status	8	static
../Core/Src/nrf24l01p.c:271:6:nrf24l01p_rx_set_payload_widths	16	static
../Core/Src/nrf24l01p.c:276:6:nrf24l01p_clear_rx_dr	16	static
../Core/Src/nrf24l01p.c:284:6:nrf24l01p_clear_tx_ds	16	static
../Core/Src/nrf24l01p.c:292:6:nrf24l01p_clear_max_rt	16	static
../Core/Src/nrf24l01p.c:300:6:nrf24l01p_power_up	16	static
../Core/Src/nrf24l01p.c:308:6:nrf24l01p_power_down	16	static
../Core/Src/nrf24l01p.c:316:6:nrf24l01p_set_crc_length	24	static
../Core/Src/nrf24l01p.c:335:6:nrf24l01p_set_address_widths	16	static
../Core/Src/nrf24l01p.c:340:6:nrf24l01p_auto_retransmit_count	24	static
../Core/Src/nrf24l01p.c:350:6:nrf24l01p_auto_retransmit_delay	24	static
../Core/Src/nrf24l01p.c:360:6:nrf24l01p_set_rf_channel	24	static
../Core/Src/nrf24l01p.c:366:6:nrf24l01p_set_rf_tx_output_power	24	static
../Core/Src/nrf24l01p.c:374:6:nrf24l01p_set_rf_air_data_rate	24	static
