../Drivers/STM32F4xx_HAL_Driver/Inc/stm32f4xx_ll_spi.h:297:22:LL_SPI_Enable	16	static
../Drivers/STM32F4xx_HAL_Driver/Inc/stm32f4xx_ll_spi.h:731:26:LL_SPI_IsActiveFlag_RXNE	16	static
../Drivers/STM32F4xx_HAL_Driver/Inc/stm32f4xx_ll_spi.h:742:26:LL_SPI_IsActiveFlag_TXE	16	static
../Drivers/STM32F4xx_HAL_Driver/Inc/stm32f4xx_ll_spi.h:793:26:LL_SPI_IsActiveFlag_BSY	16	static
../Drivers/STM32F4xx_HAL_Driver/Inc/stm32f4xx_ll_spi.h:1075:25:LL_SPI_ReceiveData8	16	static
../Drivers/STM32F4xx_HAL_Driver/Inc/stm32f4xx_ll_spi.h:1098:22:LL_SPI_TransmitData8	24	static
../Drivers/STM32F4xx_HAL_Driver/Inc/stm32f4xx_ll_gpio.h:881:22:LL_GPIO_SetOutputPin	16	static
../Drivers/STM32F4xx_HAL_Driver/Inc/stm32f4xx_ll_gpio.h:910:22:LL_GPIO_ResetOutputPin	16	static
../Core/Src/nrf24.c:11:6:ce_select	8	static
../Core/Src/nrf24.c:15:6:ce_dselect	8	static
../Core/Src/nrf24.c:19:6:csn_dselect	8	static
../Core/Src/nrf24.c:23:6:csn_select	8	static
../Core/Src/nrf24.c:28:6:nrf24_write_reg	16	static
../Core/Src/nrf24.c:46:6:nrf24_write_reg_multi	24	static
../Core/Src/nrf24.c:63:9:nrf24_Read_Reg_Single	24	static
../Core/Src/nrf24.c:78:6:nrf24_Read_Reg_Multi	32	static
../Core/Src/nrf24.c:96:6:nrf24_send_cmd	16	static
../Core/Src/nrf24.c:109:6:nrf24_init	8	static
../Core/Src/nrf24.c:128:6:nrf24_txmode	24	static
../Core/Src/nrf24.c:143:6:nrf24_transmitt	24	static
../Core/Src/nrf24.c:167:6:nrf24_rxmode	24	static
../Core/Src/nrf24.c:191:9:isDataReady	24	static
../Core/Src/nrf24.c:203:6:nrf24_receive	32	static
