../Drivers/STM32F4xx_HAL_Driver/Inc/stm32f4xx_ll_spi.h:297:22:LL_SPI_Enable	16	static
../Drivers/STM32F4xx_HAL_Driver/Inc/stm32f4xx_ll_spi.h:731:26:LL_SPI_IsActiveFlag_RXNE	16	static
../Drivers/STM32F4xx_HAL_Driver/Inc/stm32f4xx_ll_spi.h:742:26:LL_SPI_IsActiveFlag_TXE	16	static
../Drivers/STM32F4xx_HAL_Driver/Inc/stm32f4xx_ll_spi.h:793:26:LL_SPI_IsActiveFlag_BSY	16	static
../Drivers/STM32F4xx_HAL_Driver/Inc/stm32f4xx_ll_spi.h:1075:25:LL_SPI_ReceiveData8	16	static
../Drivers/STM32F4xx_HAL_Driver/Inc/stm32f4xx_ll_spi.h:1098:22:LL_SPI_TransmitData8	24	static
../Drivers/STM32F4xx_HAL_Driver/Inc/stm32f4xx_ll_gpio.h:881:22:LL_GPIO_SetOutputPin	16	static
../Core/Src/mpu6500.c:13:13:Select_Gyro	8	static
../Core/Src/mpu6500.c:18:13:DeSelect_Gyro	8	static
../Core/Src/mpu6500.c:23:9:Read_Reg_Single	24	static
../Core/Src/mpu6500.c:38:6:Read_Reg_Multi	32	static
../Core/Src/mpu6500.c:55:6:Write_Reg_Single	16	static
../Core/Src/mpu6500.c:68:6:Write_Reg_Multi	24	static
../Core/Src/mpu6500.c:84:7:mpu_init	16	static
../Core/Src/mpu6500.c:124:6:readSensor	8	static
../Core/Src/mpu6500.c:130:6:getGyro	32	static
../Core/Src/mpu6500.c:138:9:getGyroTemp	8	static
../Core/Src/mpu6500.c:142:6:getAccel	24	static
../Core/Src/mpu6500.c:149:6:calib_mpu	40	static
