Archive member included to satisfy reference by file (symbol)

C:/ST/STM32CubeIDE_1.13.2/STM32CubeIDE/plugins/com.st.stm32cube.ide.mcu.externaltools.gnu-tools-for-stm32.11.3.rel1.win32_1.1.100.202309141235/tools/bin/../lib/gcc/arm-none-eabi/11.3.1/../../../../arm-none-eabi/lib/thumb/v7e-m+fp/hard\libc_nano.a(libc_a-exit.o)
                              C:/ST/STM32CubeIDE_1.13.2/STM32CubeIDE/plugins/com.st.stm32cube.ide.mcu.externaltools.gnu-tools-for-stm32.11.3.rel1.win32_1.1.100.202309141235/tools/bin/../lib/gcc/arm-none-eabi/11.3.1/../../../../arm-none-eabi/lib/thumb/v7e-m+fp/hard/crt0.o (exit)
C:/ST/STM32CubeIDE_1.13.2/STM32CubeIDE/plugins/com.st.stm32cube.ide.mcu.externaltools.gnu-tools-for-stm32.11.3.rel1.win32_1.1.100.202309141235/tools/bin/../lib/gcc/arm-none-eabi/11.3.1/../../../../arm-none-eabi/lib/thumb/v7e-m+fp/hard\libc_nano.a(libc_a-nano-vfprintf_float.o)
                              (_printf_float)
C:/ST/STM32CubeIDE_1.13.2/STM32CubeIDE/plugins/com.st.stm32cube.ide.mcu.externaltools.gnu-tools-for-stm32.11.3.rel1.win32_1.1.100.202309141235/tools/bin/../lib/gcc/arm-none-eabi/11.3.1/../../../../arm-none-eabi/lib/thumb/v7e-m+fp/hard\libc_nano.a(libc_a-nano-vfprintf_i.o)
                              C:/ST/STM32CubeIDE_1.13.2/STM32CubeIDE/plugins/com.st.stm32cube.ide.mcu.externaltools.gnu-tools-for-stm32.11.3.rel1.win32_1.1.100.202309141235/tools/bin/../lib/gcc/arm-none-eabi/11.3.1/../../../../arm-none-eabi/lib/thumb/v7e-m+fp/hard\libc_nano.a(libc_a-nano-vfprintf_float.o) (_printf_common)
C:/ST/STM32CubeIDE_1.13.2/STM32CubeIDE/plugins/com.st.stm32cube.ide.mcu.externaltools.gnu-tools-for-stm32.11.3.rel1.win32_1.1.100.202309141235/tools/bin/../lib/gcc/arm-none-eabi/11.3.1/../../../../arm-none-eabi/lib/thumb/v7e-m+fp/hard\libc_nano.a(libc_a-findfp.o)
                              C:/ST/STM32CubeIDE_1.13.2/STM32CubeIDE/plugins/com.st.stm32cube.ide.mcu.externaltools.gnu-tools-for-stm32.11.3.rel1.win32_1.1.100.202309141235/tools/bin/../lib/gcc/arm-none-eabi/11.3.1/../../../../arm-none-eabi/lib/thumb/v7e-m+fp/hard\libc_nano.a(libc_a-exit.o) (__stdio_exit_handler)
C:/ST/STM32CubeIDE_1.13.2/STM32CubeIDE/plugins/com.st.stm32cube.ide.mcu.externaltools.gnu-tools-for-stm32.11.3.rel1.win32_1.1.100.202309141235/tools/bin/../lib/gcc/arm-none-eabi/11.3.1/../../../../arm-none-eabi/lib/thumb/v7e-m+fp/hard\libc_nano.a(libc_a-fwalk.o)
                              C:/ST/STM32CubeIDE_1.13.2/STM32CubeIDE/plugins/com.st.stm32cube.ide.mcu.externaltools.gnu-tools-for-stm32.11.3.rel1.win32_1.1.100.202309141235/tools/bin/../lib/gcc/arm-none-eabi/11.3.1/../../../../arm-none-eabi/lib/thumb/v7e-m+fp/hard\libc_nano.a(libc_a-findfp.o) (_fwalk_sglue)
C:/ST/STM32CubeIDE_1.13.2/STM32CubeIDE/plugins/com.st.stm32cube.ide.mcu.externaltools.gnu-tools-for-stm32.11.3.rel1.win32_1.1.100.202309141235/tools/bin/../lib/gcc/arm-none-eabi/11.3.1/../../../../arm-none-eabi/lib/thumb/v7e-m+fp/hard\libc_nano.a(libc_a-printf.o)
                              ./Core/Src/main.o (printf)
C:/ST/STM32CubeIDE_1.13.2/STM32CubeIDE/plugins/com.st.stm32cube.ide.mcu.externaltools.gnu-tools-for-stm32.11.3.rel1.win32_1.1.100.202309141235/tools/bin/../lib/gcc/arm-none-eabi/11.3.1/../../../../arm-none-eabi/lib/thumb/v7e-m+fp/hard\libc_nano.a(libc_a-stdio.o)
                              C:/ST/STM32CubeIDE_1.13.2/STM32CubeIDE/plugins/com.st.stm32cube.ide.mcu.externaltools.gnu-tools-for-stm32.11.3.rel1.win32_1.1.100.202309141235/tools/bin/../lib/gcc/arm-none-eabi/11.3.1/../../../../arm-none-eabi/lib/thumb/v7e-m+fp/hard\libc_nano.a(libc_a-findfp.o) (__sread)
C:/ST/STM32CubeIDE_1.13.2/STM32CubeIDE/plugins/com.st.stm32cube.ide.mcu.externaltools.gnu-tools-for-stm32.11.3.rel1.win32_1.1.100.202309141235/tools/bin/../lib/gcc/arm-none-eabi/11.3.1/../../../../arm-none-eabi/lib/thumb/v7e-m+fp/hard\libc_nano.a(libc_a-memset.o)
                              C:/ST/STM32CubeIDE_1.13.2/STM32CubeIDE/plugins/com.st.stm32cube.ide.mcu.externaltools.gnu-tools-for-stm32.11.3.rel1.win32_1.1.100.202309141235/tools/bin/../lib/gcc/arm-none-eabi/11.3.1/../../../../arm-none-eabi/lib/thumb/v7e-m+fp/hard/crt0.o (memset)
C:/ST/STM32CubeIDE_1.13.2/STM32CubeIDE/plugins/com.st.stm32cube.ide.mcu.externaltools.gnu-tools-for-stm32.11.3.rel1.win32_1.1.100.202309141235/tools/bin/../lib/gcc/arm-none-eabi/11.3.1/../../../../arm-none-eabi/lib/thumb/v7e-m+fp/hard\libc_nano.a(libc_a-localeconv.o)
                              C:/ST/STM32CubeIDE_1.13.2/STM32CubeIDE/plugins/com.st.stm32cube.ide.mcu.externaltools.gnu-tools-for-stm32.11.3.rel1.win32_1.1.100.202309141235/tools/bin/../lib/gcc/arm-none-eabi/11.3.1/../../../../arm-none-eabi/lib/thumb/v7e-m+fp/hard\libc_nano.a(libc_a-nano-vfprintf_float.o) (_localeconv_r)
C:/ST/STM32CubeIDE_1.13.2/STM32CubeIDE/plugins/com.st.stm32cube.ide.mcu.externaltools.gnu-tools-for-stm32.11.3.rel1.win32_1.1.100.202309141235/tools/bin/../lib/gcc/arm-none-eabi/11.3.1/../../../../arm-none-eabi/lib/thumb/v7e-m+fp/hard\libc_nano.a(libc_a-closer.o)
[...]
Memory Configuration

Name             Origin             Length             Attributes
RAM              0x0000000020000000 0x0000000000018000 xrw
FLASH            0x0000000008000000 0x0000000000080000 xr
*default*        0x0000000000000000 0xffffffffffffffff

Linker script and memory map

LOAD C:/ST/STM32CubeIDE_1.13.2/STM32CubeIDE/plugins/com.st.stm32cube.ide.mcu.externaltools.gnu-tools-for-stm32.11.3.rel1.win32_1.1.100.202309141235/tools/bin/../lib/gcc/arm-none-eabi/11.3.1/thumb/v7e-m+fp/hard/crti.o
LOAD C:/ST/STM32CubeIDE_1.13.2/STM32CubeIDE/plugins/com.st.stm32cube.ide.mcu.externaltools.gnu-tools-for-stm32.11.3.rel1.win32_1.1.100.202309141235/tools/bin/../lib/gcc/arm-none-eabi/11.3.1/thumb/v7e-m+fp/hard/crtbegin.o
LOAD C:/ST/STM32CubeIDE_1.13.2/STM32CubeIDE/plugins/com.st.stm32cube.ide.mcu.externaltools.gnu-tools-for-stm32.11.3.rel1.win32_1.1.100.202309141235/tools/bin/../lib/gcc/arm-none-eabi/11.3.1/../../../../arm-none-eabi/lib/thumb/v7e-m+fp/hard/crt0.o
LOAD ./Core/Src/gpio.o
LOAD ./Core/Src/i2c.o
LOAD ./Core/Src/main.o
LOAD ./Core/Src/mpu6500.o
LOAD ./Core/Src/nrf24l01.o
LOAD ./Core/Src/spi.o
LOAD ./Core/Src/stm32f4xx_hal_msp.o
LOAD ./Core/Src/stm32f4xx_it.o
LOAD ./Core/Src/syscalls.o
LOAD ./Core/Src/sysmem.o
LOAD ./Core/Src/system_stm32f4xx.o
LOAD ./Core/Src/tim.o
LOAD ./Core/Src/usart.o
LOAD ./Core/Startup/startup_stm32f401retx.o
LOAD ./Drivers/STM32F4xx_HAL_Driver/Src/stm32f4xx_hal.o
LOAD ./Drivers/STM32F4xx_HAL_Driver/Src/stm32f4xx_hal_cortex.o
LOAD ./Drivers/STM32F4xx_HAL_Driver/Src/stm32f4xx_hal_dma.o
LOAD ./Drivers/STM32F4xx_HAL_Driver/Src/stm32f4xx_hal_dma_ex.o
LOAD ./Drivers/STM32F4xx_HAL_Driver/Src/stm32f4xx_hal_exti.o
LOAD ./Drivers/STM32F4xx_HAL_Driver/Src/stm32f4xx_hal_flash.o
LOAD ./Drivers/STM32F4xx_HAL_Driver/Src/stm32f4xx_hal_flash_ex.o
LOAD ./Drivers/STM32F4xx_HAL_Driver/Src/stm32f4xx_hal_flash_ramfunc.o
LOAD ./Drivers/STM32F4xx_HAL_Driver/Src/stm32f4xx_hal_gpio.o
LOAD ./Drivers/STM32F4xx_HAL_Driver/Src/stm32f4xx_hal_pwr.o
LOAD ./Drivers/STM32F4xx_HAL_Driver/Src/stm32f4xx_hal_pwr_ex.o
LOAD ./Drivers/STM32F4xx_HAL_Driver/Src/stm32f4xx_hal_rcc.o
LOAD ./Drivers/STM32F4xx_HAL_Driver/Src/stm32f4xx_hal_rcc_ex.o
LOAD ./Drivers/STM32F4xx_HAL_Driver/Src/stm32f4xx_hal_tim.o
LOAD ./Drivers/STM32F4xx_HAL_Driver/Src/stm32f4xx_hal_tim_ex.o
LOAD ./Drivers/STM32F4xx_HAL_Driver/Src/stm32f4xx_ll_dma.o
LOAD ./Drivers/STM32F4xx_HAL_Driver/Src/stm32f4xx_ll_exti.o
LOAD ./Drivers/STM32F4xx_HAL_Driver/Src/stm32f4xx_ll_gpio.o
LOAD ./Drivers/STM32F4xx_HAL_Driver/Src/stm32f4xx_ll_i2c.o
LOAD ./Drivers/STM32F4xx_HAL_Driver/Src/stm32f4xx_ll_rcc.o
LOAD ./Drivers/STM32F4xx_HAL_Driver/Src/stm32f4xx_ll_spi.o
LOAD ./Drivers/STM32F4xx_HAL_Driver/Src/stm32f4xx_ll_tim.o
LOAD ./Drivers/STM32F4xx_HAL_Driver/Src/stm32f4xx_ll_usart.o
LOAD ./Drivers/STM32F4xx_HAL_Driver/Src/stm32f4xx_ll_utils.o
START GROUP
LOAD C:/ST/STM32CubeIDE_1.13.2/STM32CubeIDE/plugins/com.st.stm32cube.ide.mcu.externaltools.gnu-tools-for-stm32.11.3.rel1.win32_1.1.100.202309141235/tools/bin/../lib/gcc/arm-none-eabi/11.3.1/../../../../arm-none-eabi/lib/thumb/v7e-m+fp/hard\libc_nano.a
LOAD C:/ST/STM32CubeIDE_1.13.2/STM32CubeIDE/plugins/com.st.stm32cube.ide.mcu.externaltools.gnu-tools-for-stm32.11.3.rel1.win32_1.1.100.202309141235/tools/bin/../lib/gcc/arm-none-eabi/11.3.1/../../../../arm-none-eabi/lib/thumb/v7e-m+fp/hard\libm.a
END GROUP
START GROUP
LOAD C:/ST/STM32CubeIDE_1.13.2/STM32CubeIDE/plugins/com.st.stm32cube.ide.mcu.externaltools.gnu-tools-for-stm32.11.3.rel1.win32_1.1.100.202309141235/tools/bin/../lib/gcc/arm-none-eabi/11.3.1/thumb/v7e-m+fp/hard\libgcc.a
LOAD C:/ST/STM32CubeIDE_1.13.2/STM32CubeIDE/plugins/com.st.stm32cube.ide.mcu.externaltools.gnu-tools-for-stm32.11.3.rel1.win32_1.1.100.202309141235/tools/bin/../lib/gcc/arm-none-eabi/11.3.1/../../../../arm-none-eabi/lib/thumb/v7e-m+fp/hard\libc_nano.a
END GROUP
START GROUP
LOAD C:/ST/STM32CubeIDE_1.13.2/STM32CubeIDE/plugins/com.st.stm32cube.ide.mcu.externaltools.gnu-tools-for-stm32.11.3.rel1.win32_1.1.100.202309141235/tools/bin/../lib/gcc/arm-none-eabi/11.3.1/thumb/v7e-m+fp/hard\libgcc.a
LOAD C:/ST/STM32CubeIDE_1.13.2/STM32CubeIDE/plugins/com.st.stm32cube.ide.mcu.externaltools.gnu-tools-for-stm32.11.3.rel1.win32_1.1.100.202309141235/tools/bin/../lib/gcc/arm-none-eabi/11.3.1/../../../../arm-none-eabi/lib/thumb/v7e-m+fp/hard\libc_nano.a
LOAD C:/ST/STM32CubeIDE_1.13.2/STM32CubeIDE/plugins/com.st.stm32cube.ide.mcu.externaltools.gnu-tools-for-stm32.11.3.rel1.win32_1.1.100.202309141235/tools/bin/../lib/gcc/arm-none-eabi/11.3.1/../../../../arm-none-eabi/lib/thumb/v7e-m+fp/hard\libnosys.a
END GROUP
START GROUP
LOAD C:/ST/STM32CubeIDE_1.13.2/STM32CubeIDE/plugins/com.st.stm32cube.ide.mcu.externaltools.gnu-tools-for-stm32.11.3.rel1.win32_1.1.100.202309141235/tools/bin/../lib/gcc/arm-none-eabi/11.3.1/thumb/v7e-m+fp/hard\libgcc.a
LOAD C:/ST/STM32CubeIDE_1.13.2/STM32CubeIDE/plugins/com.st.stm32cube.ide.mcu.externaltools.gnu-tools-for-stm32.11.3.rel1.win32_1.1.100.202309141235/tools/bin/../lib/gcc/arm-none-eabi/11.3.1/../../../../arm-none-eabi/lib/thumb/v7e-m+fp/hard\libc_nano.a
LOAD C:/ST/STM32CubeIDE_1.13.2/STM32CubeIDE/plugins/com.st.stm32cube.ide.mcu.externaltools.gnu-tools-for-stm32.11.3.rel1.win32_1.1.100.202309141235/tools/bin/../lib/gcc/arm-none-eabi/11.3.1/../../../../arm-none-eabi/lib/thumb/v7e-m+fp/hard\libnosys.a
END GROUP
LOAD C:/ST/STM32CubeIDE_1.13.2/STM32CubeIDE/plugins/com.st.stm32cube.ide.mcu.externaltools.gnu-tools-for-stm32.11.3.rel1.win32_1.1.100.202309141235/tools/bin/../lib/gcc/arm-none-eabi/11.3.1/thumb/v7e-m+fp/hard/crtend.o
LOAD C:/ST/STM32CubeIDE_1.13.2/STM32CubeIDE/plugins/com.st.stm32cube.ide.mcu.externaltools.gnu-tools-for-stm32.11.3.rel1.win32_1.1.100.202309141235/tools/bin/../lib/gcc/arm-none-eabi/11.3.1/thumb/v7e-m+fp/hard/crtn.o
                0x0000000020018000                _estack = (ORIGIN (RAM) + LENGTH (RAM))
                0x0000000000000200                _Min_Heap_Size = 0x200
                0x0000000000000400                _Min_Stack_Size = 0x400

.isr_vector     0x0000000008000000      0x194
                0x0000000008000000                . = ALIGN (0x4)
 *(.isr_vector)
 .isr_vector    0x0000000008000000      0x194 ./Core/Startup/startup_stm32f401retx.o
                0x0000000008000000                g_pfnVectors
                0x0000000008000194                . = ALIGN (0x4)

.text           0x00000000080001a0     0x876c
                0x00000000080001a0                . = ALIGN (0x4)
 *(.text)
 .text          0x00000000080001a0       0x40 C:/ST/STM32CubeIDE_1.13.2/STM32CubeIDE/plugins/com.st.stm32cube.ide.mcu.externaltools.gnu-tools-for-stm32.11.3.rel1.win32_1.1.100.202309141235/tools/bin/../lib/gcc/arm-none-eabi/11.3.1/thumb/v7e-m+fp/hard/crtbegin.o
 .text          0x00000000080001e0       0xa0 C:/ST/STM32CubeIDE_1.13.2/STM32CubeIDE/plugins/com.st.stm32cube.ide.mcu.externaltools.gnu-tools-for-stm32.11.3.rel1.win32_1.1.100.202309141235/tools/bin/../lib/gcc/arm-none-eabi/11.3.1/../../../../arm-none-eabi/lib/thumb/v7e-m+fp/hard\libc_nano.a(libc_a-memchr.o)
                0x00000000080001e0                memchr
 .text          0x0000000008000280       0x10 C:/ST/STM32CubeIDE_1.13.2/STM32CubeIDE/plugins/com.st.stm32cube.ide.mcu.externaltools.gnu-tools-for-stm32.11.3.rel1.win32_1.1.100.202309141235/tools/bin/../lib/gcc/arm-none-eabi/11.3.1/../../../../arm-none-eabi/lib/thumb/v7e-m+fp/hard\libc_nano.a(libc_a-strlen.o)
                0x0000000008000280                strlen
 .text          0x0000000008000290      0x378 C:/ST/STM32CubeIDE_1.13.2/STM32CubeIDE/plugins/com.st.stm32cube.ide.mcu.externaltools.gnu-tools-for-stm32.11.3.rel1.win32_1.1.100.202309141235/tools/bin/../lib/gcc/arm-none-eabi/11.3.1/thumb/v7e-m+fp/hard\libgcc.a(_arm_addsubdf3.o)
                0x0000000008000290                __aeabi_drsub
                0x0000000008000298                __aeabi_dsub
                0x0000000008000298                __subdf3
                0x000000000800029c                __aeabi_dadd
                0x000000000800029c                __adddf3
                0x0000000008000514                __floatunsidf
                0x0000000008000514                __aeabi_ui2d
                0x0000000008000534                __floatsidf
                0x0000000008000534                __aeabi_i2d
                0x0000000008000558                __aeabi_f2d
                0x0000000008000558                __extendsfdf2
                0x000000000800059c                __floatundidf
                0x000000000800059c                __aeabi_ul2d
                0x00000000080005ac                __floatdidf
                0x00000000080005ac                __aeabi_l2d
 .text          0x0000000008000608      0x424 C:/ST/STM32CubeIDE_1.13.2/STM32CubeIDE/plugins/com.st.stm32cube.ide.mcu.externaltools.gnu-tools-for-stm32.11.3.rel1.win32_1.1.100.202309141235/tools/bin/../lib/gcc/arm-none-eabi/11.3.1/thumb/v7e-m+fp/hard\libgcc.a(_arm_muldivdf3.o)
                0x0000000008000608                __aeabi_dmul
                0x0000000008000608                __muldf3
                0x000000000800085c                __divdf3
                0x000000000800085c                __aeabi_ddiv
 .text          0x0000000008000a2c      0x110 C:/ST/STM32CubeIDE_1.13.2/STM32CubeIDE/plugins/com.st.stm32cube.ide.mcu.externaltools.gnu-tools-for-stm32.11.3.rel1.win32_1.1.100.202309141235/tools/bin/../lib/gcc/arm-none-eabi/11.3.1/thumb/v7e-m+fp/hard\libgcc.a(_arm_cmpdf2.o)
                0x0000000008000a2c                __gtdf2
                0x0000000008000a2c                __gedf2
                0x0000000008000a34                __ltdf2
                0x0000000008000a34                __ledf2
                0x0000000008000a3c                __nedf2
                0x0000000008000a3c                __eqdf2
                0x0000000008000a3c                __cmpdf2
                0x0000000008000ab8                __aeabi_cdrcmple
                0x0000000008000ac8                __aeabi_cdcmpeq
                0x0000000008000ac8                __aeabi_cdcmple
                0x0000000008000ad8                __aeabi_dcmpeq
                0x0000000008000aec                __aeabi_dcmplt
                0x0000000008000b00                __aeabi_dcmple
                0x0000000008000b14                __aeabi_dcmpge
                0x0000000008000b28                __aeabi_dcmpgt
 .text          0x0000000008000b3c       0x2c C:/ST/STM32CubeIDE_1.13.2/STM32CubeIDE/plugins/com.st.stm32cube.ide.mcu.externaltools.gnu-tools-for-stm32.11.3.rel1.win32_1.1.100.202309141235/tools/bin/../lib/gcc/arm-none-eabi/11.3.1/thumb/v7e-m+fp/hard\libgcc.a(_arm_unorddf2.o)
                0x0000000008000b3c                __unorddf2
                0x0000000008000b3c                __aeabi_dcmpun
 .text          0x0000000008000b68       0x50 C:/ST/STM32CubeIDE_1.13.2/STM32CubeIDE/plugins/com.st.stm32cube.ide.mcu.externaltools.gnu-tools-for-stm32.11.3.rel1.win32_1.1.100.202309141235/tools/bin/../lib/gcc/arm-none-eabi/11.3.1/thumb/v7e-m+fp/hard\libgcc.a(_arm_fixdfsi.o)
                0x0000000008000b68                __aeabi_d2iz
                0x0000000008000b68                __fixdfsi
 .text          0x0000000008000bb8       0xa0 C:/ST/STM32CubeIDE_1.13.2/STM32CubeIDE/plugins/com.st.stm32cube.ide.mcu.externaltools.gnu-tools-for-stm32.11.3.rel1.win32_1.1.100.202309141235/tools/bin/../lib/gcc/arm-none-eabi/11.3.1/thumb/v7e-m+fp/hard\libgcc.a(_arm_truncdfsf2.o)
                0x0000000008000bb8                __truncdfsf2
                0x0000000008000bb8                __aeabi_d2f
 .text          0x0000000008000c58       0x30 C:/ST/STM32CubeIDE_1.13.2/STM32CubeIDE/plugins/com.st.stm32cube.ide.mcu.externaltools.gnu-tools-for-stm32.11.3.rel1.win32_1.1.100.202309141235/tools/bin/../lib/gcc/arm-none-eabi/11.3.1/thumb/v7e-m+fp/hard\libgcc.a(_aeabi_uldivmod.o)
                0x0000000008000c58                __aeabi_uldivmod
 .text          0x0000000008000c88      0x2c8 C:/ST/STM32CubeIDE_1.13.2/STM32CubeIDE/plugins/com.st.stm32cube.ide.mcu.externaltools.gnu-tools-for-stm32.11.3.rel1.win32_1.1.100.202309141235/tools/bin/../lib/gcc/arm-none-eabi/11.3.1/thumb/v7e-m+fp/hard\libgcc.a(_udivmoddi4.o)
                0x0000000008000c88                __udivmoddi4
 .text          0x0000000008000f50        0x4 C:/ST/STM32CubeIDE_1.13.2/STM32CubeIDE/plugins/com.st.stm32cube.ide.mcu.externaltools.gnu-tools-for-stm32.11.3.rel1.win32_1.1.100.202309141235/tools/bin/../lib/gcc/arm-none-eabi/11.3.1/thumb/v7e-m+fp/hard\libgcc.a(_dvmd_tls.o)
                0x0000000008000f50                __aeabi_idiv0
                0x0000000008000f50                __aeabi_ldiv0
 *(.text*)
 .text.__NVIC_GetPriorityGrouping
                0x0000000008000f54       0x1c ./Core/Src/gpio.o
 .text.__NVIC_EnableIRQ
                0x0000000008000f70       0x3c ./Core/Src/gpio.o
 .text.__NVIC_SetPriority
                0x0000000008000fac       0x54 ./Core/Src/gpio.o
 .text.NVIC_EncodePriority
                0x0000000008001000       0x66 ./Core/Src/gpio.o
 *fill*         0x0000000008001066        0x2 
 .text.LL_SYSCFG_SetEXTISource
                0x0000000008001068       0x5c ./Core/Src/gpio.o
 .text.LL_GPIO_SetPinMode
                0x00000000080010c4       0x5e ./Core/Src/gpio.o
 .text.LL_GPIO_SetPinPull
                0x0000000008001122       0x5e ./Core/Src/gpio.o
 .text.LL_GPIO_ResetOutputPin
                0x0000000008001180       0x1e ./Core/Src/gpio.o
 *fill*         0x000000000800119e        0x2 
 .text.LL_AHB1_GRP1_EnableClock
                0x00000000080011a0       0x30 ./Core/Src/gpio.o
 .text.MX_GPIO_Init
                0x00000000080011d0      0x1b4 ./Core/Src/gpio.o
                0x00000000080011d0                MX_GPIO_Init
 .text.LL_I2C_EnableClockStretching
                0x0000000008001384       0x20 ./Core/Src/i2c.o
 .text.LL_I2C_DisableGeneralCall
                0x00000000080013a4       0x20 ./Core/Src/i2c.o
 .text.LL_I2C_SetOwnAddress2
                0x00000000080013c4       0x26 ./Core/Src/i2c.o
 .text.LL_I2C_DisableOwnAddress2
                0x00000000080013ea       0x20 ./Core/Src/i2c.o
 *fill*         0x000000000800140a        0x2 
 .text.LL_AHB1_GRP1_EnableClock
                0x000000000800140c       0x30 ./Core/Src/i2c.o
 .text.LL_APB1_GRP1_EnableClock
                0x000000000800143c       0x30 ./Core/Src/i2c.o
 .text.MX_I2C1_Init
                0x000000000800146c       0xac ./Core/Src/i2c.o
                0x000000000800146c                MX_I2C1_Init
 .text.LL_SPI_Enable
                0x0000000008001518       0x20 ./Core/Src/main.o
 .text.LL_TIM_EnableCounter
                0x0000000008001538       0x20 ./Core/Src/main.o
 .text.LL_TIM_SetAutoReload
                0x0000000008001558       0x1c ./Core/Src/main.o
 .text.LL_TIM_CC_EnableChannel
                0x0000000008001574       0x22 ./Core/Src/main.o
 .text.LL_TIM_CC_DisableChannel
                0x0000000008001596       0x24 ./Core/Src/main.o
 .text.LL_USART_IsActiveFlag_TXE
                0x00000000080015ba       0x26 ./Core/Src/main.o
 .text.LL_USART_EnableIT_RXNE
                0x00000000080015e0       0x46 ./Core/Src/main.o
 .text.LL_USART_ReceiveData8
                0x0000000008001626       0x1a ./Core/Src/main.o
 .text.LL_USART_TransmitData8
                0x0000000008001640       0x1e ./Core/Src/main.o
 .text.LL_GPIO_SetOutputPin
                0x000000000800165e       0x1c ./Core/Src/main.o
 .text.LL_GPIO_TogglePin
                0x000000000800167a       0x32 ./Core/Src/main.o
 .text.__io_putchar
                0x00000000080016ac       0x30 ./Core/Src/main.o
                0x00000000080016ac                __io_putchar
 .text.BUZZER_POWER_UP
                0x00000000080016dc       0x60 ./Core/Src/main.o
                0x00000000080016dc                BUZZER_POWER_UP
 .text.Custom_GPIO_EXTI_Callback
                0x000000000800173c       0x38 ./Core/Src/main.o
                0x000000000800173c                Custom_GPIO_EXTI_Callback
 .text.main     0x0000000008001774      0x244 ./Core/Src/main.o
                0x0000000008001774                main
 .text.SystemClock_Config
                0x00000000080019b8       0xd8 ./Core/Src/main.o
                0x00000000080019b8                SystemClock_Config
 .text.Error_Handler
                0x0000000008001a90        0xa ./Core/Src/main.o
                0x0000000008001a90                Error_Handler
 .text.LL_SPI_Enable
                0x0000000008001a9a       0x20 ./Core/Src/mpu6500.o
 .text.LL_SPI_IsActiveFlag_RXNE
                0x0000000008001aba       0x26 ./Core/Src/mpu6500.o
 .text.LL_SPI_IsActiveFlag_TXE
                0x0000000008001ae0       0x26 ./Core/Src/mpu6500.o
 .text.LL_SPI_IsActiveFlag_BSY
                0x0000000008001b06       0x26 ./Core/Src/mpu6500.o
 .text.LL_SPI_ReceiveData8
                0x0000000008001b2c       0x1c ./Core/Src/mpu6500.o
 .text.LL_SPI_TransmitData8
                0x0000000008001b48       0x24 ./Core/Src/mpu6500.o
 .text.LL_GPIO_SetOutputPin
                0x0000000008001b6c       0x1c ./Core/Src/mpu6500.o
 .text.Select_Gyro
                0x0000000008001b88       0x44 ./Core/Src/mpu6500.o
                0x0000000008001b88                Select_Gyro
 .text.DeSelect_Gyro
                0x0000000008001bcc       0x44 ./Core/Src/mpu6500.o
                0x0000000008001bcc                DeSelect_Gyro
 .text.Read_Reg_Single
                0x0000000008001c10       0xe4 ./Core/Src/mpu6500.o
                0x0000000008001c10                Read_Reg_Single
 .text.Read_Reg_Multi
                0x0000000008001cf4      0x100 ./Core/Src/mpu6500.o
                0x0000000008001cf4                Read_Reg_Multi
 .text.Write_Reg_Single
                0x0000000008001df4       0xe4 ./Core/Src/mpu6500.o
                0x0000000008001df4                Write_Reg_Single
 .text.mpu_init
                0x0000000008001ed8       0xe8 ./Core/Src/mpu6500.o
                0x0000000008001ed8                mpu_init
 .text.readSensor
                0x0000000008001fc0       0x18 ./Core/Src/mpu6500.o
                0x0000000008001fc0                readSensor
 .text.getGyro  0x0000000008001fd8      0x140 ./Core/Src/mpu6500.o
                0x0000000008001fd8                getGyro
 .text.getAccel
                0x0000000008002118       0x98 ./Core/Src/mpu6500.o
                0x0000000008002118                getAccel
 .text.calib_mpu
                0x00000000080021b0      0x188 ./Core/Src/mpu6500.o
                0x00000000080021b0                calib_mpu
 .text.LL_SPI_IsActiveFlag_RXNE
                0x0000000008002338       0x26 ./Core/Src/nrf24l01.o
 .text.LL_SPI_IsActiveFlag_TXE
                0x000000000800235e       0x26 ./Core/Src/nrf24l01.o
 .text.LL_SPI_IsActiveFlag_BSY
                0x0000000008002384       0x26 ./Core/Src/nrf24l01.o
 .text.LL_SPI_ReceiveData8
                0x00000000080023aa       0x1c ./Core/Src/nrf24l01.o
 .text.LL_SPI_TransmitData8
                0x00000000080023c6       0x24 ./Core/Src/nrf24l01.o
 .text.LL_GPIO_SetOutputPin
                0x00000000080023ea       0x1c ./Core/Src/nrf24l01.o
 .text.LL_GPIO_ResetOutputPin
                0x0000000008002406       0x1e ./Core/Src/nrf24l01.o
 .text.NRF24L01_ReadRegister
                0x0000000008002424       0x5c ./Core/Src/nrf24l01.o
                0x0000000008002424                NRF24L01_ReadRegister
 .text.NRF24L01_WriteRegister
                0x0000000008002480       0x60 ./Core/Src/nrf24l01.o
                0x0000000008002480                NRF24L01_WriteRegister
 .text.NRF24L01_WriteRegisterMulti
                0x00000000080024e0       0x68 ./Core/Src/nrf24l01.o
                0x00000000080024e0                NRF24L01_WriteRegisterMulti
 .text.NRF24L01_RxInit
                0x0000000008002548       0xac ./Core/Src/nrf24l01.o
                0x0000000008002548                NRF24L01_RxInit
 .text.NRF24L01_Reset
                0x00000000080025f4      0x18c ./Core/Src/nrf24l01.o
                0x00000000080025f4                NRF24L01_Reset
 .text.NRF24L01_PRxMode
                0x0000000008002780       0x34 ./Core/Src/nrf24l01.o
                0x0000000008002780                NRF24L01_PRxMode
 .text.NRF24L01_RxReceive
                0x00000000080027b4       0x42 ./Core/Src/nrf24l01.o
                0x00000000080027b4                NRF24L01_RxReceive
 .text.NRF24L01_ClearRxDR
                0x00000000080027f6       0x32 ./Core/Src/nrf24l01.o
                0x00000000080027f6                NRF24L01_ClearRxDR
 .text.NRF24L01_ReadRxFIFO
                0x0000000008002828       0x58 ./Core/Src/nrf24l01.o
                0x0000000008002828                NRF24L01_ReadRxFIFO
 .text.NRF24L01_FlushRxFIFO
                0x0000000008002880       0x48 ./Core/Src/nrf24l01.o
                0x0000000008002880                NRF24L01_FlushRxFIFO
 .text.NRF24L01_FlushTxFIFO
                0x00000000080028c8       0x48 ./Core/Src/nrf24l01.o
                0x00000000080028c8                NRF24L01_FlushTxFIFO
 .text.NRF24L01_PowerUp
                0x0000000008002910       0x34 ./Core/Src/nrf24l01.o
                0x0000000008002910                NRF24L01_PowerUp
 .text.NRF24L01_EnableRxAddress
                0x0000000008002944       0x38 ./Core/Src/nrf24l01.o
                0x0000000008002944                NRF24L01_EnableRxAddress
 .text.NRF24L01_SetAddressWidths
                0x000000000800297c       0x28 ./Core/Src/nrf24l01.o
                0x000000000800297c                NRF24L01_SetAddressWidths
 .text.NRF24L01_SetRxAddress
                0x00000000080029a4      0x16c ./Core/Src/nrf24l01.o
                0x00000000080029a4                NRF24L01_SetRxAddress
 .text.NRF24L01_SetRxPayloadWidths
                0x0000000008002b10       0x60 ./Core/Src/nrf24l01.o
                0x0000000008002b10                NRF24L01_SetRxPayloadWidths
 .text.NRF24L01_SetCRCLength
                0x0000000008002b70       0x5e ./Core/Src/nrf24l01.o
                0x0000000008002b70                NRF24L01_SetCRCLength
 .text.NRF24L01_SetAutoACK
                0x0000000008002bce       0x56 ./Core/Src/nrf24l01.o
                0x0000000008002bce                NRF24L01_SetAutoACK
 .text.NRF24L01_AutoRetransmitCount
                0x0000000008002c24       0x3e ./Core/Src/nrf24l01.o
                0x0000000008002c24                NRF24L01_AutoRetransmitCount
 *fill*         0x0000000008002c62        0x2 
 .text.NRF24L01_AutoRetransmitDelay
                0x0000000008002c64       0x58 ./Core/Src/nrf24l01.o
                0x0000000008002c64                NRF24L01_AutoRetransmitDelay
 .text.NRF24L01_SetRFChannel
                0x0000000008002cbc       0x24 ./Core/Src/nrf24l01.o
                0x0000000008002cbc                NRF24L01_SetRFChannel
 .text.NRF24L01_SetRFTxOutputPower
                0x0000000008002ce0       0x46 ./Core/Src/nrf24l01.o
                0x0000000008002ce0                NRF24L01_SetRFTxOutputPower
 .text.NRF24L01_SetRFAirDataRate
                0x0000000008002d26       0x64 ./Core/Src/nrf24l01.o
                0x0000000008002d26                NRF24L01_SetRFAirDataRate
 *fill*         0x0000000008002d8a        0x2 
 .text.NRF24L01_GetStatus
                0x0000000008002d8c       0x4c ./Core/Src/nrf24l01.o
                0x0000000008002d8c                NRF24L01_GetStatus
 .text.Custom_HAL_GPIO_WritePin
                0x0000000008002dd8       0x34 ./Core/Src/nrf24l01.o
                0x0000000008002dd8                Custom_HAL_GPIO_WritePin
 .text.Custom_HAL_SPI_TransmitReceive
                0x0000000008002e0c       0x98 ./Core/Src/nrf24l01.o
                0x0000000008002e0c                Custom_HAL_SPI_TransmitReceive
 .text.Custom_HAL_SPI_Transmit
                0x0000000008002ea4       0x96 ./Core/Src/nrf24l01.o
                0x0000000008002ea4                Custom_HAL_SPI_Transmit
 .text.Custom_HAL_SPI_Receive
                0x0000000008002f3a       0x98 ./Core/Src/nrf24l01.o
                0x0000000008002f3a                Custom_HAL_SPI_Receive
 .text.LL_SPI_SetStandard
                0x0000000008002fd2       0x26 ./Core/Src/spi.o
 .text.LL_AHB1_GRP1_EnableClock
                0x0000000008002ff8       0x30 ./Core/Src/spi.o
 .text.LL_APB1_GRP1_EnableClock
                0x0000000008003028       0x30 ./Core/Src/spi.o
 .text.MX_SPI2_Init
                0x0000000008003058       0xd4 ./Core/Src/spi.o
                0x0000000008003058                MX_SPI2_Init
 .text.MX_SPI3_Init
                0x000000000800312c       0xd4 ./Core/Src/spi.o
                0x000000000800312c                MX_SPI3_Init
 .text.HAL_MspInit
                0x0000000008003200       0x50 ./Core/Src/stm32f4xx_hal_msp.o
                0x0000000008003200                HAL_MspInit
 .text.LL_USART_IsActiveFlag_RXNE
                0x0000000008003250       0x26 ./Core/Src/stm32f4xx_it.o
 .text.LL_USART_ClearFlag_RXNE
                0x0000000008003276       0x1c ./Core/Src/stm32f4xx_it.o
 *fill*         0x0000000008003292        0x2 
 .text.LL_EXTI_IsActiveFlag_0_31
                0x0000000008003294       0x2c ./Core/Src/stm32f4xx_it.o
 .text.LL_EXTI_ClearFlag_0_31
                0x00000000080032c0       0x20 ./Core/Src/stm32f4xx_it.o
 .text.NMI_Handler
                0x00000000080032e0        0x6 ./Core/Src/stm32f4xx_it.o
                0x00000000080032e0                NMI_Handler
 .text.HardFault_Handler
                0x00000000080032e6        0x6 ./Core/Src/stm32f4xx_it.o
                0x00000000080032e6                HardFault_Handler
 .text.MemManage_Handler
                0x00000000080032ec        0x6 ./Core/Src/stm32f4xx_it.o
                0x00000000080032ec                MemManage_Handler
 .text.BusFault_Handler
                0x00000000080032f2        0x6 ./Core/Src/stm32f4xx_it.o
                0x00000000080032f2                BusFault_Handler
 .text.UsageFault_Handler
                0x00000000080032f8        0x6 ./Core/Src/stm32f4xx_it.o
                0x00000000080032f8                UsageFault_Handler
 .text.SVC_Handler
                0x00000000080032fe        0xe ./Core/Src/stm32f4xx_it.o
                0x00000000080032fe                SVC_Handler
 .text.DebugMon_Handler
                0x000000000800330c        0xe ./Core/Src/stm32f4xx_it.o
                0x000000000800330c                DebugMon_Handler
 .text.PendSV_Handler
                0x000000000800331a        0xe ./Core/Src/stm32f4xx_it.o
                0x000000000800331a                PendSV_Handler
 .text.SysTick_Handler
                0x0000000008003328        0xc ./Core/Src/stm32f4xx_it.o
                0x0000000008003328                SysTick_Handler
 .text.EXTI4_IRQHandler
                0x0000000008003334       0x20 ./Core/Src/stm32f4xx_it.o
                0x0000000008003334                EXTI4_IRQHandler
 .text.EXTI9_5_IRQHandler
                0x0000000008003354       0x24 ./Core/Src/stm32f4xx_it.o
                0x0000000008003354                EXTI9_5_IRQHandler
 .text.USART2_IRQHandler
                0x0000000008003378       0x28 ./Core/Src/stm32f4xx_it.o
                0x0000000008003378                USART2_IRQHandler
 .text._getpid  0x00000000080033a0       0x10 ./Core/Src/syscalls.o
                0x00000000080033a0                _getpid
 .text._kill    0x00000000080033b0       0x20 ./Core/Src/syscalls.o
                0x00000000080033b0                _kill
 .text._exit    0x00000000080033d0       0x14 ./Core/Src/syscalls.o
                0x00000000080033d0                _exit
 .text._read    0x00000000080033e4       0x3a ./Core/Src/syscalls.o
                0x00000000080033e4                _read
 .text._write   0x000000000800341e       0x38 ./Core/Src/syscalls.o
                0x000000000800341e                _write
 .text._close   0x0000000008003456       0x18 ./Core/Src/syscalls.o
                0x0000000008003456                _close
 .text._fstat   0x000000000800346e       0x20 ./Core/Src/syscalls.o
                0x000000000800346e                _fstat
 .text._isatty  0x000000000800348e       0x16 ./Core/Src/syscalls.o
                0x000000000800348e                _isatty
 .text._lseek   0x00000000080034a4       0x1a ./Core/Src/syscalls.o
                0x00000000080034a4                _lseek
 *fill*         0x00000000080034be        0x2 
 .text._sbrk    0x00000000080034c0       0x6c ./Core/Src/sysmem.o
                0x00000000080034c0                _sbrk
 .text.SystemInit
                0x000000000800352c       0x24 ./Core/Src/system_stm32f4xx.o
                0x000000000800352c                SystemInit
 .text.LL_TIM_EnableARRPreload
                0x0000000008003550       0x20 ./Core/Src/tim.o
 .text.LL_TIM_DisableARRPreload
                0x0000000008003570       0x20 ./Core/Src/tim.o
 .text.LL_TIM_OC_DisableFast
                0x0000000008003590       0x8c ./Core/Src/tim.o
 .text.LL_TIM_OC_EnablePreload
                0x000000000800361c       0x88 ./Core/Src/tim.o
 .text.LL_TIM_SetClockSource
                0x00000000080036a4       0x2a ./Core/Src/tim.o
 .text.LL_TIM_SetTriggerOutput
                0x00000000080036ce       0x26 ./Core/Src/tim.o
 .text.LL_TIM_DisableMasterSlaveMode
                0x00000000080036f4       0x20 ./Core/Src/tim.o
 .text.LL_AHB1_GRP1_EnableClock
                0x0000000008003714       0x30 ./Core/Src/tim.o
 .text.LL_APB1_GRP1_EnableClock
                0x0000000008003744       0x30 ./Core/Src/tim.o
 .text.LL_APB2_GRP1_EnableClock
                0x0000000008003774       0x30 ./Core/Src/tim.o
 .text.MX_TIM1_Init
                0x00000000080037a4      0x190 ./Core/Src/tim.o
                0x00000000080037a4                MX_TIM1_Init
 .text.MX_TIM3_Init
                0x0000000008003934       0xe0 ./Core/Src/tim.o
                0x0000000008003934                MX_TIM3_Init
 .text.__NVIC_GetPriorityGrouping
                0x0000000008003a14       0x1c ./Core/Src/usart.o
 .text.__NVIC_EnableIRQ
                0x0000000008003a30       0x3c ./Core/Src/usart.o
 .text.__NVIC_SetPriority
                0x0000000008003a6c       0x54 ./Core/Src/usart.o
 .text.NVIC_EncodePriority
                0x0000000008003ac0       0x66 ./Core/Src/usart.o
 .text.LL_USART_Enable
                0x0000000008003b26       0x20 ./Core/Src/usart.o
 .text.LL_USART_ConfigAsyncMode
                0x0000000008003b46       0x2c ./Core/Src/usart.o
 *fill*         0x0000000008003b72        0x2 
 .text.LL_AHB1_GRP1_EnableClock
                0x0000000008003b74       0x30 ./Core/Src/usart.o
 .text.LL_APB1_GRP1_EnableClock
                0x0000000008003ba4       0x30 ./Core/Src/usart.o
 .text.MX_USART2_UART_Init
                0x0000000008003bd4       0xc0 ./Core/Src/usart.o
                0x0000000008003bd4                MX_USART2_UART_Init
 .text.Reset_Handler
                0x0000000008003c94       0x50 ./Core/Startup/startup_stm32f401retx.o
                0x0000000008003c94                Reset_Handler
 .text.Default_Handler
                0x0000000008003ce4        0x2 ./Core/Startup/startup_stm32f401retx.o
                0x0000000008003ce4                RTC_Alarm_IRQHandler
                0x0000000008003ce4                EXTI2_IRQHandler
                0x0000000008003ce4                SPI4_IRQHandler
                0x0000000008003ce4                TIM1_CC_IRQHandler
                0x0000000008003ce4                DMA2_Stream5_IRQHandler
                0x0000000008003ce4                DMA1_Stream5_IRQHandler
                0x0000000008003ce4                PVD_IRQHandler
                0x0000000008003ce4                SDIO_IRQHandler
                0x0000000008003ce4                TAMP_STAMP_IRQHandler
                0x0000000008003ce4                EXTI3_IRQHandler
                0x0000000008003ce4                TIM1_UP_TIM10_IRQHandler
                0x0000000008003ce4                I2C3_ER_IRQHandler
                0x0000000008003ce4                EXTI0_IRQHandler
                0x0000000008003ce4                I2C2_EV_IRQHandler
                0x0000000008003ce4                DMA1_Stream2_IRQHandler
                0x0000000008003ce4                FPU_IRQHandler
                0x0000000008003ce4                DMA2_Stream2_IRQHandler
                0x0000000008003ce4                SPI1_IRQHandler
                0x0000000008003ce4                TIM1_BRK_TIM9_IRQHandler
                0x0000000008003ce4                DMA2_Stream3_IRQHandler
                0x0000000008003ce4                USART6_IRQHandler
                0x0000000008003ce4                DMA2_Stream0_IRQHandler
                0x0000000008003ce4                TIM4_IRQHandler
                0x0000000008003ce4                I2C1_EV_IRQHandler
                0x0000000008003ce4                DMA1_Stream6_IRQHandler
                0x0000000008003ce4                DMA1_Stream1_IRQHandler
                0x0000000008003ce4                TIM3_IRQHandler
                0x0000000008003ce4                RCC_IRQHandler
                0x0000000008003ce4                Default_Handler
                0x0000000008003ce4                EXTI15_10_IRQHandler
                0x0000000008003ce4                ADC_IRQHandler
                0x0000000008003ce4                DMA1_Stream7_IRQHandler
                0x0000000008003ce4                TIM5_IRQHandler
                0x0000000008003ce4                DMA2_Stream7_IRQHandler
                0x0000000008003ce4                I2C3_EV_IRQHandler
                0x0000000008003ce4                RTC_WKUP_IRQHandler
                0x0000000008003ce4                SPI2_IRQHandler
                0x0000000008003ce4                DMA1_Stream0_IRQHandler
                0x0000000008003ce4                WWDG_IRQHandler
                0x0000000008003ce4                TIM2_IRQHandler
                0x0000000008003ce4                OTG_FS_WKUP_IRQHandler
                0x0000000008003ce4                TIM1_TRG_COM_TIM11_IRQHandler
                0x0000000008003ce4                EXTI1_IRQHandler
                0x0000000008003ce4                I2C2_ER_IRQHandler
                0x0000000008003ce4                DMA2_Stream1_IRQHandler
                0x0000000008003ce4                FLASH_IRQHandler
                0x0000000008003ce4                DMA2_Stream4_IRQHandler
                0x0000000008003ce4                USART1_IRQHandler
                0x0000000008003ce4                OTG_FS_IRQHandler
                0x0000000008003ce4                SPI3_IRQHandler
                0x0000000008003ce4                DMA1_Stream4_IRQHandler
                0x0000000008003ce4                I2C1_ER_IRQHandler
                0x0000000008003ce4                DMA2_Stream6_IRQHandler
                0x0000000008003ce4                DMA1_Stream3_IRQHandler
 *fill*         0x0000000008003ce6        0x2 
 .text.HAL_Init
                0x0000000008003ce8       0x44 ./Drivers/STM32F4xx_HAL_Driver/Src/stm32f4xx_hal.o
                0x0000000008003ce8                HAL_Init
 .text.HAL_InitTick
                0x0000000008003d2c       0x60 ./Drivers/STM32F4xx_HAL_Driver/Src/stm32f4xx_hal.o
                0x0000000008003d2c                HAL_InitTick
 .text.HAL_IncTick
                0x0000000008003d8c       0x28 ./Drivers/STM32F4xx_HAL_Driver/Src/stm32f4xx_hal.o
                0x0000000008003d8c                HAL_IncTick
 .text.HAL_GetTick
                0x0000000008003db4       0x18 ./Drivers/STM32F4xx_HAL_Driver/Src/stm32f4xx_hal.o
                0x0000000008003db4                HAL_GetTick
 .text.HAL_Delay
                0x0000000008003dcc       0x48 ./Drivers/STM32F4xx_HAL_Driver/Src/stm32f4xx_hal.o
                0x0000000008003dcc                HAL_Delay
 .text.__NVIC_SetPriorityGrouping
                0x0000000008003e14       0x48 ./Drivers/STM32F4xx_HAL_Driver/Src/stm32f4xx_hal_cortex.o
 .text.__NVIC_GetPriorityGrouping
                0x0000000008003e5c       0x1c ./Drivers/STM32F4xx_HAL_Driver/Src/stm32f4xx_hal_cortex.o
 .text.__NVIC_SetPriority
                0x0000000008003e78       0x54 ./Drivers/STM32F4xx_HAL_Driver/Src/stm32f4xx_hal_cortex.o
 .text.NVIC_EncodePriority
                0x0000000008003ecc       0x66 ./Drivers/STM32F4xx_HAL_Driver/Src/stm32f4xx_hal_cortex.o
 *fill*         0x0000000008003f32        0x2 
 .text.SysTick_Config
                0x0000000008003f34       0x44 ./Drivers/STM32F4xx_HAL_Driver/Src/stm32f4xx_hal_cortex.o
 .text.HAL_NVIC_SetPriorityGrouping
                0x0000000008003f78       0x16 ./Drivers/STM32F4xx_HAL_Driver/Src/stm32f4xx_hal_cortex.o
                0x0000000008003f78                HAL_NVIC_SetPriorityGrouping
 .text.HAL_NVIC_SetPriority
                0x0000000008003f8e       0x38 ./Drivers/STM32F4xx_HAL_Driver/Src/stm32f4xx_hal_cortex.o
                0x0000000008003f8e                HAL_NVIC_SetPriority
 .text.HAL_SYSTICK_Config
                0x0000000008003fc6       0x18 ./Drivers/STM32F4xx_HAL_Driver/Src/stm32f4xx_hal_cortex.o
                0x0000000008003fc6                HAL_SYSTICK_Config
 *fill*         0x0000000008003fde        0x2 
 .text.HAL_RCC_OscConfig
                0x0000000008003fe0      0x4f0 ./Drivers/STM32F4xx_HAL_Driver/Src/stm32f4xx_hal_rcc.o
                0x0000000008003fe0                HAL_RCC_OscConfig
 .text.HAL_RCC_ClockConfig
                0x00000000080044d0      0x1cc ./Drivers/STM32F4xx_HAL_Driver/Src/stm32f4xx_hal_rcc.o
                0x00000000080044d0                HAL_RCC_ClockConfig
 .text.HAL_RCC_GetSysClockFreq
                0x000000000800469c      0x20c ./Drivers/STM32F4xx_HAL_Driver/Src/stm32f4xx_hal_rcc.o
                0x000000000800469c                HAL_RCC_GetSysClockFreq
 .text.LL_EXTI_EnableIT_0_31
                0x00000000080048a8       0x24 ./Drivers/STM32F4xx_HAL_Driver/Src/stm32f4xx_ll_exti.o
 .text.LL_EXTI_DisableIT_0_31
                0x00000000080048cc       0x28 ./Drivers/STM32F4xx_HAL_Driver/Src/stm32f4xx_ll_exti.o
 .text.LL_EXTI_EnableEvent_0_31
                0x00000000080048f4       0x24 ./Drivers/STM32F4xx_HAL_Driver/Src/stm32f4xx_ll_exti.o
 .text.LL_EXTI_DisableEvent_0_31
                0x0000000008004918       0x28 ./Drivers/STM32F4xx_HAL_Driver/Src/stm32f4xx_ll_exti.o
 .text.LL_EXTI_EnableRisingTrig_0_31
                0x0000000008004940       0x24 ./Drivers/STM32F4xx_HAL_Driver/Src/stm32f4xx_ll_exti.o
 .text.LL_EXTI_DisableRisingTrig_0_31
                0x0000000008004964       0x28 ./Drivers/STM32F4xx_HAL_Driver/Src/stm32f4xx_ll_exti.o
 .text.LL_EXTI_EnableFallingTrig_0_31
                0x000000000800498c       0x24 ./Drivers/STM32F4xx_HAL_Driver/Src/stm32f4xx_ll_exti.o
 .text.LL_EXTI_DisableFallingTrig_0_31
                0x00000000080049b0       0x28 ./Drivers/STM32F4xx_HAL_Driver/Src/stm32f4xx_ll_exti.o
 .text.LL_EXTI_Init
                0x00000000080049d8       0xfe ./Drivers/STM32F4xx_HAL_Driver/Src/stm32f4xx_ll_exti.o
                0x00000000080049d8                LL_EXTI_Init
 .text.LL_GPIO_SetPinMode
                0x0000000008004ad6       0x5e ./Drivers/STM32F4xx_HAL_Driver/Src/stm32f4xx_ll_gpio.o
 .text.LL_GPIO_SetPinOutputType
                0x0000000008004b34       0x30 ./Drivers/STM32F4xx_HAL_Driver/Src/stm32f4xx_ll_gpio.o
 .text.LL_GPIO_SetPinSpeed
                0x0000000008004b64       0x5e ./Drivers/STM32F4xx_HAL_Driver/Src/stm32f4xx_ll_gpio.o
 .text.LL_GPIO_SetPinPull
                0x0000000008004bc2       0x5e ./Drivers/STM32F4xx_HAL_Driver/Src/stm32f4xx_ll_gpio.o
 .text.LL_GPIO_SetAFPin_0_7
                0x0000000008004c20       0x5e ./Drivers/STM32F4xx_HAL_Driver/Src/stm32f4xx_ll_gpio.o
 .text.LL_GPIO_SetAFPin_8_15
                0x0000000008004c7e       0x62 ./Drivers/STM32F4xx_HAL_Driver/Src/stm32f4xx_ll_gpio.o
 .text.LL_GPIO_Init
                0x0000000008004ce0       0xe6 ./Drivers/STM32F4xx_HAL_Driver/Src/stm32f4xx_ll_gpio.o
                0x0000000008004ce0                LL_GPIO_Init
 .text.LL_I2C_Enable
                0x0000000008004dc6       0x20 ./Drivers/STM32F4xx_HAL_Driver/Src/stm32f4xx_ll_i2c.o
 .text.LL_I2C_Disable
                0x0000000008004de6       0x20 ./Drivers/STM32F4xx_HAL_Driver/Src/stm32f4xx_ll_i2c.o
 .text.LL_I2C_ConfigFilters
                0x0000000008004e06       0x2c ./Drivers/STM32F4xx_HAL_Driver/Src/stm32f4xx_ll_i2c.o
 .text.LL_I2C_SetOwnAddress1
                0x0000000008004e32       0x30 ./Drivers/STM32F4xx_HAL_Driver/Src/stm32f4xx_ll_i2c.o
 *fill*         0x0000000008004e62        0x2 
 .text.LL_I2C_ConfigSpeed
                0x0000000008004e64      0x130 ./Drivers/STM32F4xx_HAL_Driver/Src/stm32f4xx_ll_i2c.o
 .text.LL_I2C_SetMode
                0x0000000008004f94       0x26 ./Drivers/STM32F4xx_HAL_Driver/Src/stm32f4xx_ll_i2c.o
 .text.LL_I2C_AcknowledgeNextData
                0x0000000008004fba       0x26 ./Drivers/STM32F4xx_HAL_Driver/Src/stm32f4xx_ll_i2c.o
 .text.LL_I2C_Init
                0x0000000008004fe0       0x72 ./Drivers/STM32F4xx_HAL_Driver/Src/stm32f4xx_ll_i2c.o
                0x0000000008004fe0                LL_I2C_Init
 *fill*         0x0000000008005052        0x2 
 .text.LL_RCC_GetSysClkSource
                0x0000000008005054       0x1c ./Drivers/STM32F4xx_HAL_Driver/Src/stm32f4xx_ll_rcc.o
 .text.LL_RCC_GetAHBPrescaler
                0x0000000008005070       0x1c ./Drivers/STM32F4xx_HAL_Driver/Src/stm32f4xx_ll_rcc.o
 .text.LL_RCC_GetAPB1Prescaler
                0x000000000800508c       0x1c ./Drivers/STM32F4xx_HAL_Driver/Src/stm32f4xx_ll_rcc.o
 .text.LL_RCC_GetAPB2Prescaler
                0x00000000080050a8       0x1c ./Drivers/STM32F4xx_HAL_Driver/Src/stm32f4xx_ll_rcc.o
 .text.LL_RCC_PLL_GetMainSource
                0x00000000080050c4       0x1c ./Drivers/STM32F4xx_HAL_Driver/Src/stm32f4xx_ll_rcc.o
 .text.LL_RCC_PLL_GetN
                0x00000000080050e0       0x1c ./Drivers/STM32F4xx_HAL_Driver/Src/stm32f4xx_ll_rcc.o
 .text.LL_RCC_PLL_GetP
                0x00000000080050fc       0x1c ./Drivers/STM32F4xx_HAL_Driver/Src/stm32f4xx_ll_rcc.o
 .text.LL_RCC_PLL_GetDivider
                0x0000000008005118       0x1c ./Drivers/STM32F4xx_HAL_Driver/Src/stm32f4xx_ll_rcc.o
 .text.LL_RCC_GetSystemClocksFreq
                0x0000000008005134       0x4a ./Drivers/STM32F4xx_HAL_Driver/Src/stm32f4xx_ll_rcc.o
                0x0000000008005134                LL_RCC_GetSystemClocksFreq
 *fill*         0x000000000800517e        0x2 
 .text.RCC_GetSystemClockFreq
                0x0000000008005180       0x50 ./Drivers/STM32F4xx_HAL_Driver/Src/stm32f4xx_ll_rcc.o
                0x0000000008005180                RCC_GetSystemClockFreq
 .text.RCC_GetHCLKClockFreq
                0x00000000080051d0       0x2c ./Drivers/STM32F4xx_HAL_Driver/Src/stm32f4xx_ll_rcc.o
                0x00000000080051d0                RCC_GetHCLKClockFreq
 .text.RCC_GetPCLK1ClockFreq
                0x00000000080051fc       0x28 ./Drivers/STM32F4xx_HAL_Driver/Src/stm32f4xx_ll_rcc.o
                0x00000000080051fc                RCC_GetPCLK1ClockFreq
 .text.RCC_GetPCLK2ClockFreq
                0x0000000008005224       0x28 ./Drivers/STM32F4xx_HAL_Driver/Src/stm32f4xx_ll_rcc.o
                0x0000000008005224                RCC_GetPCLK2ClockFreq
 .text.RCC_PLL_GetFreqDomain_SYS
                0x000000000800524c       0x7c ./Drivers/STM32F4xx_HAL_Driver/Src/stm32f4xx_ll_rcc.o
                0x000000000800524c                RCC_PLL_GetFreqDomain_SYS
 .text.LL_SPI_IsEnabled
                0x00000000080052c8       0x26 ./Drivers/STM32F4xx_HAL_Driver/Src/stm32f4xx_ll_spi.o
 .text.LL_SPI_SetCRCPolynomial
                0x00000000080052ee       0x20 ./Drivers/STM32F4xx_HAL_Driver/Src/stm32f4xx_ll_spi.o
 .text.LL_SPI_Init
                0x000000000800530e       0xa4 ./Drivers/STM32F4xx_HAL_Driver/Src/stm32f4xx_ll_spi.o
                0x000000000800530e                LL_SPI_Init
 .text.LL_TIM_SetPrescaler
                0x00000000080053b2       0x1c ./Drivers/STM32F4xx_HAL_Driver/Src/stm32f4xx_ll_tim.o
 .text.LL_TIM_SetAutoReload
                0x00000000080053ce       0x1c ./Drivers/STM32F4xx_HAL_Driver/Src/stm32f4xx_ll_tim.o
 .text.LL_TIM_SetRepetitionCounter
                0x00000000080053ea       0x1c ./Drivers/STM32F4xx_HAL_Driver/Src/stm32f4xx_ll_tim.o
 .text.LL_TIM_OC_SetCompareCH1
                0x0000000008005406       0x1c ./Drivers/STM32F4xx_HAL_Driver/Src/stm32f4xx_ll_tim.o
 .text.LL_TIM_OC_SetCompareCH2
                0x0000000008005422       0x1c ./Drivers/STM32F4xx_HAL_Driver/Src/stm32f4xx_ll_tim.o
 .text.LL_TIM_OC_SetCompareCH3
                0x000000000800543e       0x1c ./Drivers/STM32F4xx_HAL_Driver/Src/stm32f4xx_ll_tim.o
 .text.LL_TIM_OC_SetCompareCH4
                0x000000000800545a       0x1c ./Drivers/STM32F4xx_HAL_Driver/Src/stm32f4xx_ll_tim.o
 .text.LL_TIM_GenerateEvent_UPDATE
                0x0000000008005476       0x20 ./Drivers/STM32F4xx_HAL_Driver/Src/stm32f4xx_ll_tim.o
 *fill*         0x0000000008005496        0x2 
 .text.LL_TIM_Init
                0x0000000008005498       0xf4 ./Drivers/STM32F4xx_HAL_Driver/Src/stm32f4xx_ll_tim.o
                0x0000000008005498                LL_TIM_Init
 .text.LL_TIM_OC_Init
                0x000000000800558c       0x82 ./Drivers/STM32F4xx_HAL_Driver/Src/stm32f4xx_ll_tim.o
                0x000000000800558c                LL_TIM_OC_Init
 .text.LL_TIM_BDTR_Init
                0x000000000800560e       0x92 ./Drivers/STM32F4xx_HAL_Driver/Src/stm32f4xx_ll_tim.o
                0x000000000800560e                LL_TIM_BDTR_Init
 .text.OC1Config
                0x00000000080056a0       0xcc ./Drivers/STM32F4xx_HAL_Driver/Src/stm32f4xx_ll_tim.o
 .text.OC2Config
                0x000000000800576c       0xd4 ./Drivers/STM32F4xx_HAL_Driver/Src/stm32f4xx_ll_tim.o
 .text.OC3Config
                0x0000000008005840       0xd4 ./Drivers/STM32F4xx_HAL_Driver/Src/stm32f4xx_ll_tim.o
 .text.OC4Config
                0x0000000008005914       0xa4 ./Drivers/STM32F4xx_HAL_Driver/Src/stm32f4xx_ll_tim.o
 .text.LL_USART_IsEnabled
                0x00000000080059b8       0x28 ./Drivers/STM32F4xx_HAL_Driver/Src/stm32f4xx_ll_usart.o
 .text.LL_USART_SetStopBitsLength
                0x00000000080059e0       0x26 ./Drivers/STM32F4xx_HAL_Driver/Src/stm32f4xx_ll_usart.o
 .text.LL_USART_SetHWFlowCtrl
                0x0000000008005a06       0x26 ./Drivers/STM32F4xx_HAL_Driver/Src/stm32f4xx_ll_usart.o
 .text.LL_USART_SetBaudRate
                0x0000000008005a2c      0x45c ./Drivers/STM32F4xx_HAL_Driver/Src/stm32f4xx_ll_usart.o
 .text.LL_USART_Init
                0x0000000008005e88       0xc8 ./Drivers/STM32F4xx_HAL_Driver/Src/stm32f4xx_ll_usart.o
                0x0000000008005e88                LL_USART_Init
 .text.__cvt    0x0000000008005f50       0xc4 C:/ST/STM32CubeIDE_1.13.2/STM32CubeIDE/plugins/com.st.stm32cube.ide.mcu.externaltools.gnu-tools-for-stm32.11.3.rel1.win32_1.1.100.202309141235/tools/bin/../lib/gcc/arm-none-eabi/11.3.1/../../../../arm-none-eabi/lib/thumb/v7e-m+fp/hard\libc_nano.a(libc_a-nano-vfprintf_float.o)
                0x0000000008005f50                __cvt
 .text.__exponent
                0x0000000008006014       0x7c C:/ST/STM32CubeIDE_1.13.2/STM32CubeIDE/plugins/com.st.stm32cube.ide.mcu.externaltools.gnu-tools-for-stm32.11.3.rel1.win32_1.1.100.202309141235/tools/bin/../lib/gcc/arm-none-eabi/11.3.1/../../../../arm-none-eabi/lib/thumb/v7e-m+fp/hard\libc_nano.a(libc_a-nano-vfprintf_float.o)
                0x0000000008006014                __exponent
 .text._printf_float
                0x0000000008006090      0x46c C:/ST/STM32CubeIDE_1.13.2/STM32CubeIDE/plugins/com.st.stm32cube.ide.mcu.externaltools.gnu-tools-for-stm32.11.3.rel1.win32_1.1.100.202309141235/tools/bin/../lib/gcc/arm-none-eabi/11.3.1/../../../../arm-none-eabi/lib/thumb/v7e-m+fp/hard\libc_nano.a(libc_a-nano-vfprintf_float.o)
                0x0000000008006090                _printf_float
 .text._printf_common
                0x00000000080064fc       0xda C:/ST/STM32CubeIDE_1.13.2/STM32CubeIDE/plugins/com.st.stm32cube.ide.mcu.externaltools.gnu-tools-for-stm32.11.3.rel1.win32_1.1.100.202309141235/tools/bin/../lib/gcc/arm-none-eabi/11.3.1/../../../../arm-none-eabi/lib/thumb/v7e-m+fp/hard\libc_nano.a(libc_a-nano-vfprintf_i.o)
                0x00000000080064fc                _printf_common
 *fill*         0x00000000080065d6        0x2 
 .text._printf_i
                0x00000000080065d8      0x244 C:/ST/STM32CubeIDE_1.13.2/STM32CubeIDE/plugins/com.st.stm32cube.ide.mcu.externaltools.gnu-tools-for-stm32.11.3.rel1.win32_1.1.100.202309141235/tools/bin/../lib/gcc/arm-none-eabi/11.3.1/../../../../arm-none-eabi/lib/thumb/v7e-m+fp/hard\libc_nano.a(libc_a-nano-vfprintf_i.o)
                0x00000000080065d8                _printf_i
 .text.std      0x000000000800681c       0x6c C:/ST/STM32CubeIDE_1.13.2/STM32CubeIDE/plugins/com.st.stm32cube.ide.mcu.externaltools.gnu-tools-for-stm32.11.3.rel1.win32_1.1.100.202309141235/tools/bin/../lib/gcc/arm-none-eabi/11.3.1/../../../../arm-none-eabi/lib/thumb/v7e-m+fp/hard\libc_nano.a(libc_a-findfp.o)
 .text.stdio_exit_handler
                0x0000000008006888       0x18 C:/ST/STM32CubeIDE_1.13.2/STM32CubeIDE/plugins/com.st.stm32cube.ide.mcu.externaltools.gnu-tools-for-stm32.11.3.rel1.win32_1.1.100.202309141235/tools/bin/../lib/gcc/arm-none-eabi/11.3.1/../../../../arm-none-eabi/lib/thumb/v7e-m+fp/hard\libc_nano.a(libc_a-findfp.o)
 .text.cleanup_stdio
                0x00000000080068a0       0x40 C:/ST/STM32CubeIDE_1.13.2/STM32CubeIDE/plugins/com.st.stm32cube.ide.mcu.externaltools.gnu-tools-for-stm32.11.3.rel1.win32_1.1.100.202309141235/tools/bin/../lib/gcc/arm-none-eabi/11.3.1/../../../../arm-none-eabi/lib/thumb/v7e-m+fp/hard\libc_nano.a(libc_a-findfp.o)
 .text.global_stdio_init.part.0
                0x00000000080068e0       0x3c C:/ST/STM32CubeIDE_1.13.2/STM32CubeIDE/plugins/com.st.stm32cube.ide.mcu.externaltools.gnu-tools-for-stm32.11.3.rel1.win32_1.1.100.202309141235/tools/bin/../lib/gcc/arm-none-eabi/11.3.1/../../../../arm-none-eabi/lib/thumb/v7e-m+fp/hard\libc_nano.a(libc_a-findfp.o)
 .text.__sfp_lock_acquire
                0x000000000800691c        0xc C:/ST/STM32CubeIDE_1.13.2/STM32CubeIDE/plugins/com.st.stm32cube.ide.mcu.externaltools.gnu-tools-for-stm32.11.3.rel1.win32_1.1.100.202309141235/tools/bin/../lib/gcc/arm-none-eabi/11.3.1/../../../../arm-none-eabi/lib/thumb/v7e-m+fp/hard\libc_nano.a(libc_a-findfp.o)
                0x000000000800691c                __sfp_lock_acquire
 .text.__sfp_lock_release
                0x0000000008006928        0xc C:/ST/STM32CubeIDE_1.13.2/STM32CubeIDE/plugins/com.st.stm32cube.ide.mcu.externaltools.gnu-tools-for-stm32.11.3.rel1.win32_1.1.100.202309141235/tools/bin/../lib/gcc/arm-none-eabi/11.3.1/../../../../arm-none-eabi/lib/thumb/v7e-m+fp/hard\libc_nano.a(libc_a-findfp.o)
                0x0000000008006928                __sfp_lock_release
 .text.__sinit  0x0000000008006934       0x30 C:/ST/STM32CubeIDE_1.13.2/STM32CubeIDE/plugins/com.st.stm32cube.ide.mcu.externaltools.gnu-tools-for-stm32.11.3.rel1.win32_1.1.100.202309141235/tools/bin/../lib/gcc/arm-none-eabi/11.3.1/../../../../arm-none-eabi/lib/thumb/v7e-m+fp/hard\libc_nano.a(libc_a-findfp.o)
                0x0000000008006934                __sinit
 .text._fwalk_sglue
                0x0000000008006964       0x3c C:/ST/STM32CubeIDE_1.13.2/STM32CubeIDE/plugins/com.st.stm32cube.ide.mcu.externaltools.gnu-tools-for-stm32.11.3.rel1.win32_1.1.100.202309141235/tools/bin/../lib/gcc/arm-none-eabi/11.3.1/../../../../arm-none-eabi/lib/thumb/v7e-m+fp/hard\libc_nano.a(libc_a-fwalk.o)
                0x0000000008006964                _fwalk_sglue
 .text.printf   0x00000000080069a0       0x24 C:/ST/STM32CubeIDE_1.13.2/STM32CubeIDE/plugins/com.st.stm32cube.ide.mcu.externaltools.gnu-tools-for-stm32.11.3.rel1.win32_1.1.100.202309141235/tools/bin/../lib/gcc/arm-none-eabi/11.3.1/../../../../arm-none-eabi/lib/thumb/v7e-m+fp/hard\libc_nano.a(libc_a-printf.o)
                0x00000000080069a0                iprintf
                0x00000000080069a0                printf
 .text.__sread  0x00000000080069c4       0x22 C:/ST/STM32CubeIDE_1.13.2/STM32CubeIDE/plugins/com.st.stm32cube.ide.mcu.externaltools.gnu-tools-for-stm32.11.3.rel1.win32_1.1.100.202309141235/tools/bin/../lib/gcc/arm-none-eabi/11.3.1/../../../../arm-none-eabi/lib/thumb/v7e-m+fp/hard\libc_nano.a(libc_a-stdio.o)
                0x00000000080069c4                __sread
 .text.__swrite
                0x00000000080069e6       0x38 C:/ST/STM32CubeIDE_1.13.2/STM32CubeIDE/plugins/com.st.stm32cube.ide.mcu.externaltools.gnu-tools-for-stm32.11.3.rel1.win32_1.1.100.202309141235/tools/bin/../lib/gcc/arm-none-eabi/11.3.1/../../../../arm-none-eabi/lib/thumb/v7e-m+fp/hard\libc_nano.a(libc_a-stdio.o)
                0x00000000080069e6                __swrite
 .text.__sseek  0x0000000008006a1e       0x24 C:/ST/STM32CubeIDE_1.13.2/STM32CubeIDE/plugins/com.st.stm32cube.ide.mcu.externaltools.gnu-tools-for-stm32.11.3.rel1.win32_1.1.100.202309141235/tools/bin/../lib/gcc/arm-none-eabi/11.3.1/../../../../arm-none-eabi/lib/thumb/v7e-m+fp/hard\libc_nano.a(libc_a-stdio.o)
                0x0000000008006a1e                __sseek
 .text.__sclose
                0x0000000008006a42        0x8 C:/ST/STM32CubeIDE_1.13.2/STM32CubeIDE/plugins/com.st.stm32cube.ide.mcu.externaltools.gnu-tools-for-stm32.11.3.rel1.win32_1.1.100.202309141235/tools/bin/../lib/gcc/arm-none-eabi/11.3.1/../../../../arm-none-eabi/lib/thumb/v7e-m+fp/hard\libc_nano.a(libc_a-stdio.o)
                0x0000000008006a42                __sclose
 .text.memset   0x0000000008006a4a       0x10 C:/ST/STM32CubeIDE_1.13.2/STM32CubeIDE/plugins/com.st.stm32cube.ide.mcu.externaltools.gnu-tools-for-stm32.11.3.rel1.win32_1.1.100.202309141235/tools/bin/../lib/gcc/arm-none-eabi/11.3.1/../../../../arm-none-eabi/lib/thumb/v7e-m+fp/hard\libc_nano.a(libc_a-memset.o)
                0x0000000008006a4a                memset
 *fill*         0x0000000008006a5a        0x2 
 .text._localeconv_r
                0x0000000008006a5c        0x8 C:/ST/STM32CubeIDE_1.13.2/STM32CubeIDE/plugins/com.st.stm32cube.ide.mcu.externaltools.gnu-tools-for-stm32.11.3.rel1.win32_1.1.100.202309141235/tools/bin/../lib/gcc/arm-none-eabi/11.3.1/../../../../arm-none-eabi/lib/thumb/v7e-m+fp/hard\libc_nano.a(libc_a-localeconv.o)
                0x0000000008006a5c                _localeconv_r
 .text._close_r
                0x0000000008006a64       0x20 C:/ST/STM32CubeIDE_1.13.2/STM32CubeIDE/plugins/com.st.stm32cube.ide.mcu.externaltools.gnu-tools-for-stm32.11.3.rel1.win32_1.1.100.202309141235/tools/bin/../lib/gcc/arm-none-eabi/11.3.1/../../../../arm-none-eabi/lib/thumb/v7e-m+fp/hard\libc_nano.a(libc_a-closer.o)
                0x0000000008006a64                _close_r
 .text._lseek_r
                0x0000000008006a84       0x24 C:/ST/STM32CubeIDE_1.13.2/STM32CubeIDE/plugins/com.st.stm32cube.ide.mcu.externaltools.gnu-tools-for-stm32.11.3.rel1.win32_1.1.100.202309141235/tools/bin/../lib/gcc/arm-none-eabi/11.3.1/../../../../arm-none-eabi/lib/thumb/v7e-m+fp/hard\libc_nano.a(libc_a-lseekr.o)
                0x0000000008006a84                _lseek_r
 .text._read_r  0x0000000008006aa8       0x24 C:/ST/STM32CubeIDE_1.13.2/STM32CubeIDE/plugins/com.st.stm32cube.ide.mcu.externaltools.gnu-tools-for-stm32.11.3.rel1.win32_1.1.100.202309141235/tools/bin/../lib/gcc/arm-none-eabi/11.3.1/../../../../arm-none-eabi/lib/thumb/v7e-m+fp/hard\libc_nano.a(libc_a-readr.o)
                0x0000000008006aa8                _read_r
 .text._write_r
                0x0000000008006acc       0x24 C:/ST/STM32CubeIDE_1.13.2/STM32CubeIDE/plugins/com.st.stm32cube.ide.mcu.externaltools.gnu-tools-for-stm32.11.3.rel1.win32_1.1.100.202309141235/tools/bin/../lib/gcc/arm-none-eabi/11.3.1/../../../../arm-none-eabi/lib/thumb/v7e-m+fp/hard\libc_nano.a(libc_a-writer.o)
                0x0000000008006acc                _write_r
 .text.__errno  0x0000000008006af0        0xc C:/ST/STM32CubeIDE_1.13.2/STM32CubeIDE/plugins/com.st.stm32cube.ide.mcu.externaltools.gnu-tools-for-stm32.11.3.rel1.win32_1.1.100.202309141235/tools/bin/../lib/gcc/arm-none-eabi/11.3.1/../../../../arm-none-eabi/lib/thumb/v7e-m+fp/hard\libc_nano.a(libc_a-errno.o)
                0x0000000008006af0                __errno
 .text.__libc_init_array
                0x0000000008006afc       0x48 C:/ST/STM32CubeIDE_1.13.2/STM32CubeIDE/plugins/com.st.stm32cube.ide.mcu.externaltools.gnu-tools-for-stm32.11.3.rel1.win32_1.1.100.202309141235/tools/bin/../lib/gcc/arm-none-eabi/11.3.1/../../../../arm-none-eabi/lib/thumb/v7e-m+fp/hard\libc_nano.a(libc_a-init.o)
                0x0000000008006afc                __libc_init_array
 .text.__retarget_lock_init_recursive
                0x0000000008006b44        0x2 C:/ST/STM32CubeIDE_1.13.2/STM32CubeIDE/plugins/com.st.stm32cube.ide.mcu.externaltools.gnu-tools-for-stm32.11.3.rel1.win32_1.1.100.202309141235/tools/bin/../lib/gcc/arm-none-eabi/11.3.1/../../../../arm-none-eabi/lib/thumb/v7e-m+fp/hard\libc_nano.a(libc_a-lock.o)
                0x0000000008006b44                __retarget_lock_init_recursive
 .text.__retarget_lock_acquire_recursive
                0x0000000008006b46        0x2 C:/ST/STM32CubeIDE_1.13.2/STM32CubeIDE/plugins/com.st.stm32cube.ide.mcu.externaltools.gnu-tools-for-stm32.11.3.rel1.win32_1.1.100.202309141235/tools/bin/../lib/gcc/arm-none-eabi/11.3.1/../../../../arm-none-eabi/lib/thumb/v7e-m+fp/hard\libc_nano.a(libc_a-lock.o)
                0x0000000008006b46                __retarget_lock_acquire_recursive
 .text.__retarget_lock_release_recursive
                0x0000000008006b48        0x2 C:/ST/STM32CubeIDE_1.13.2/STM32CubeIDE/plugins/com.st.stm32cube.ide.mcu.externaltools.gnu-tools-for-stm32.11.3.rel1.win32_1.1.100.202309141235/tools/bin/../lib/gcc/arm-none-eabi/11.3.1/../../../../arm-none-eabi/lib/thumb/v7e-m+fp/hard\libc_nano.a(libc_a-lock.o)
                0x0000000008006b48                __retarget_lock_release_recursive
 .text.quorem   0x0000000008006b4a      0x110 C:/ST/STM32CubeIDE_1.13.2/STM32CubeIDE/plugins/com.st.stm32cube.ide.mcu.externaltools.gnu-tools-for-stm32.11.3.rel1.win32_1.1.100.202309141235/tools/bin/../lib/gcc/arm-none-eabi/11.3.1/../../../../arm-none-eabi/lib/thumb/v7e-m+fp/hard\libc_nano.a(libc_a-dtoa.o)
 *fill*         0x0000000008006c5a        0x6 
 .text._dtoa_r  0x0000000008006c60      0xbe4 C:/ST/STM32CubeIDE_1.13.2/STM32CubeIDE/plugins/com.st.stm32cube.ide.mcu.externaltools.gnu-tools-for-stm32.11.3.rel1.win32_1.1.100.202309141235/tools/bin/../lib/gcc/arm-none-eabi/11.3.1/../../../../arm-none-eabi/lib/thumb/v7e-m+fp/hard\libc_nano.a(libc_a-dtoa.o)
                0x0000000008006c60                _dtoa_r
 .text._free_r  0x0000000008007844       0x98 C:/ST/STM32CubeIDE_1.13.2/STM32CubeIDE/plugins/com.st.stm32cube.ide.mcu.externaltools.gnu-tools-for-stm32.11.3.rel1.win32_1.1.100.202309141235/tools/bin/../lib/gcc/arm-none-eabi/11.3.1/../../../../arm-none-eabi/lib/thumb/v7e-m+fp/hard\libc_nano.a(libc_a-freer.o)
                0x0000000008007844                _free_r
 .text.malloc   0x00000000080078dc       0x10 C:/ST/STM32CubeIDE_1.13.2/STM32CubeIDE/plugins/com.st.stm32cube.ide.mcu.externaltools.gnu-tools-for-stm32.11.3.rel1.win32_1.1.100.202309141235/tools/bin/../lib/gcc/arm-none-eabi/11.3.1/../../../../arm-none-eabi/lib/thumb/v7e-m+fp/hard\libc_nano.a(libc_a-malloc.o)
                0x00000000080078dc                malloc
 .text.sbrk_aligned
                0x00000000080078ec       0x40 C:/ST/STM32CubeIDE_1.13.2/STM32CubeIDE/plugins/com.st.stm32cube.ide.mcu.externaltools.gnu-tools-for-stm32.11.3.rel1.win32_1.1.100.202309141235/tools/bin/../lib/gcc/arm-none-eabi/11.3.1/../../../../arm-none-eabi/lib/thumb/v7e-m+fp/hard\libc_nano.a(libc_a-mallocr.o)
 .text._malloc_r
                0x000000000800792c      0x100 C:/ST/STM32CubeIDE_1.13.2/STM32CubeIDE/plugins/com.st.stm32cube.ide.mcu.externaltools.gnu-tools-for-stm32.11.3.rel1.win32_1.1.100.202309141235/tools/bin/../lib/gcc/arm-none-eabi/11.3.1/../../../../arm-none-eabi/lib/thumb/v7e-m+fp/hard\libc_nano.a(libc_a-mallocr.o)
                0x000000000800792c                _malloc_r
 .text.__malloc_lock
                0x0000000008007a2c        0xc C:/ST/STM32CubeIDE_1.13.2/STM32CubeIDE/plugins/com.st.stm32cube.ide.mcu.externaltools.gnu-tools-for-stm32.11.3.rel1.win32_1.1.100.202309141235/tools/bin/../lib/gcc/arm-none-eabi/11.3.1/../../../../arm-none-eabi/lib/thumb/v7e-m+fp/hard\libc_nano.a(libc_a-mlock.o)
                0x0000000008007a2c                __malloc_lock
 .text.__malloc_unlock
                0x0000000008007a38        0xc C:/ST/STM32CubeIDE_1.13.2/STM32CubeIDE/plugins/com.st.stm32cube.ide.mcu.externaltools.gnu-tools-for-stm32.11.3.rel1.win32_1.1.100.202309141235/tools/bin/../lib/gcc/arm-none-eabi/11.3.1/../../../../arm-none-eabi/lib/thumb/v7e-m+fp/hard\libc_nano.a(libc_a-mlock.o)
                0x0000000008007a38                __malloc_unlock
 .text._Balloc  0x0000000008007a44       0x80 C:/ST/STM32CubeIDE_1.13.2/STM32CubeIDE/plugins/com.st.stm32cube.ide.mcu.externaltools.gnu-tools-for-stm32.11.3.rel1.win32_1.1.100.202309141235/tools/bin/../lib/gcc/arm-none-eabi/11.3.1/../../../../arm-none-eabi/lib/thumb/v7e-m+fp/hard\libc_nano.a(libc_a-mprec.o)
                0x0000000008007a44                _Balloc
 .text._Bfree   0x0000000008007ac4       0x44 C:/ST/STM32CubeIDE_1.13.2/STM32CubeIDE/plugins/com.st.stm32cube.ide.mcu.externaltools.gnu-tools-for-stm32.11.3.rel1.win32_1.1.100.202309141235/tools/bin/../lib/gcc/arm-none-eabi/11.3.1/../../../../arm-none-eabi/lib/thumb/v7e-m+fp/hard\libc_nano.a(libc_a-mprec.o)
                0x0000000008007ac4                _Bfree
 .text.__multadd
                0x0000000008007b08       0x8c C:/ST/STM32CubeIDE_1.13.2/STM32CubeIDE/plugins/com.st.stm32cube.ide.mcu.externaltools.gnu-tools-for-stm32.11.3.rel1.win32_1.1.100.202309141235/tools/bin/../lib/gcc/arm-none-eabi/11.3.1/../../../../arm-none-eabi/lib/thumb/v7e-m+fp/hard\libc_nano.a(libc_a-mprec.o)
                0x0000000008007b08                __multadd
 .text.__hi0bits
                0x0000000008007b94       0x40 C:/ST/STM32CubeIDE_1.13.2/STM32CubeIDE/plugins/com.st.stm32cube.ide.mcu.externaltools.gnu-tools-for-stm32.11.3.rel1.win32_1.1.100.202309141235/tools/bin/../lib/gcc/arm-none-eabi/11.3.1/../../../../arm-none-eabi/lib/thumb/v7e-m+fp/hard\libc_nano.a(libc_a-mprec.o)
                0x0000000008007b94                __hi0bits
 .text.__lo0bits
                0x0000000008007bd4       0x5a C:/ST/STM32CubeIDE_1.13.2/STM32CubeIDE/plugins/com.st.stm32cube.ide.mcu.externaltools.gnu-tools-for-stm32.11.3.rel1.win32_1.1.100.202309141235/tools/bin/../lib/gcc/arm-none-eabi/11.3.1/../../../../arm-none-eabi/lib/thumb/v7e-m+fp/hard\libc_nano.a(libc_a-mprec.o)
                0x0000000008007bd4                __lo0bits
 *fill*         0x0000000008007c2e        0x2 
 .text.__i2b    0x0000000008007c30       0x2c C:/ST/STM32CubeIDE_1.13.2/STM32CubeIDE/plugins/com.st.stm32cube.ide.mcu.externaltools.gnu-tools-for-stm32.11.3.rel1.win32_1.1.100.202309141235/tools/bin/../lib/gcc/arm-none-eabi/11.3.1/../../../../arm-none-eabi/lib/thumb/v7e-m+fp/hard\libc_nano.a(libc_a-mprec.o)
                0x0000000008007c30                __i2b
 .text.__multiply
                0x0000000008007c5c      0x154 C:/ST/STM32CubeIDE_1.13.2/STM32CubeIDE/plugins/com.st.stm32cube.ide.mcu.externaltools.gnu-tools-for-stm32.11.3.rel1.win32_1.1.100.202309141235/tools/bin/../lib/gcc/arm-none-eabi/11.3.1/../../../../arm-none-eabi/lib/thumb/v7e-m+fp/hard\libc_nano.a(libc_a-mprec.o)
                0x0000000008007c5c                __multiply
 .text.__pow5mult
                0x0000000008007db0       0xb4 C:/ST/STM32CubeIDE_1.13.2/STM32CubeIDE/plugins/com.st.stm32cube.ide.mcu.externaltools.gnu-tools-for-stm32.11.3.rel1.win32_1.1.100.202309141235/tools/bin/../lib/gcc/arm-none-eabi/11.3.1/../../../../arm-none-eabi/lib/thumb/v7e-m+fp/hard\libc_nano.a(libc_a-mprec.o)
                0x0000000008007db0                __pow5mult
 .text.__lshift
                0x0000000008007e64       0xd8 C:/ST/STM32CubeIDE_1.13.2/STM32CubeIDE/plugins/com.st.stm32cube.ide.mcu.externaltools.gnu-tools-for-stm32.11.3.rel1.win32_1.1.100.202309141235/tools/bin/../lib/gcc/arm-none-eabi/11.3.1/../../../../arm-none-eabi/lib/thumb/v7e-m+fp/hard\libc_nano.a(libc_a-mprec.o)
                0x0000000008007e64                __lshift
 .text.__mcmp   0x0000000008007f3c       0x38 C:/ST/STM32CubeIDE_1.13.2/STM32CubeIDE/plugins/com.st.stm32cube.ide.mcu.externaltools.gnu-tools-for-stm32.11.3.rel1.win32_1.1.100.202309141235/tools/bin/../lib/gcc/arm-none-eabi/11.3.1/../../../../arm-none-eabi/lib/thumb/v7e-m+fp/hard\libc_nano.a(libc_a-mprec.o)
                0x0000000008007f3c                __mcmp
 .text.__mdiff  0x0000000008007f74      0x114 C:/ST/STM32CubeIDE_1.13.2/STM32CubeIDE/plugins/com.st.stm32cube.ide.mcu.externaltools.gnu-tools-for-stm32.11.3.rel1.win32_1.1.100.202309141235/tools/bin/../lib/gcc/arm-none-eabi/11.3.1/../../../../arm-none-eabi/lib/thumb/v7e-m+fp/hard\libc_nano.a(libc_a-mprec.o)
                0x0000000008007f74                __mdiff
 .text.__d2b    0x0000000008008088       0xb4 C:/ST/STM32CubeIDE_1.13.2/STM32CubeIDE/plugins/com.st.stm32cube.ide.mcu.externaltools.gnu-tools-for-stm32.11.3.rel1.win32_1.1.100.202309141235/tools/bin/../lib/gcc/arm-none-eabi/11.3.1/../../../../arm-none-eabi/lib/thumb/v7e-m+fp/hard\libc_nano.a(libc_a-mprec.o)
                0x0000000008008088                __d2b
 .text.__sfputc_r
                0x000000000800813c       0x2e C:/ST/STM32CubeIDE_1.13.2/STM32CubeIDE/plugins/com.st.stm32cube.ide.mcu.externaltools.gnu-tools-for-stm32.11.3.rel1.win32_1.1.100.202309141235/tools/bin/../lib/gcc/arm-none-eabi/11.3.1/../../../../arm-none-eabi/lib/thumb/v7e-m+fp/hard\libc_nano.a(libc_a-nano-vfprintf.o)
 .text.__sfputs_r
                0x000000000800816a       0x24 C:/ST/STM32CubeIDE_1.13.2/STM32CubeIDE/plugins/com.st.stm32cube.ide.mcu.externaltools.gnu-tools-for-stm32.11.3.rel1.win32_1.1.100.202309141235/tools/bin/../lib/gcc/arm-none-eabi/11.3.1/../../../../arm-none-eabi/lib/thumb/v7e-m+fp/hard\libc_nano.a(libc_a-nano-vfprintf.o)
                0x000000000800816a                __sfputs_r
 *fill*         0x000000000800818e        0x2 
 .text._vfprintf_r
                0x0000000008008190      0x234 C:/ST/STM32CubeIDE_1.13.2/STM32CubeIDE/plugins/com.st.stm32cube.ide.mcu.externaltools.gnu-tools-for-stm32.11.3.rel1.win32_1.1.100.202309141235/tools/bin/../lib/gcc/arm-none-eabi/11.3.1/../../../../arm-none-eabi/lib/thumb/v7e-m+fp/hard\libc_nano.a(libc_a-nano-vfprintf.o)
                0x0000000008008190                _vfprintf_r
                0x0000000008008190                _vfiprintf_r
 .text.__sflush_r
                0x00000000080083c4      0x10c C:/ST/STM32CubeIDE_1.13.2/STM32CubeIDE/plugins/com.st.stm32cube.ide.mcu.externaltools.gnu-tools-for-stm32.11.3.rel1.win32_1.1.100.202309141235/tools/bin/../lib/gcc/arm-none-eabi/11.3.1/../../../../arm-none-eabi/lib/thumb/v7e-m+fp/hard\libc_nano.a(libc_a-fflush.o)
                0x00000000080083c4                __sflush_r
 .text._fflush_r
                0x00000000080084d0       0x50 C:/ST/STM32CubeIDE_1.13.2/STM32CubeIDE/plugins/com.st.stm32cube.ide.mcu.externaltools.gnu-tools-for-stm32.11.3.rel1.win32_1.1.100.202309141235/tools/bin/../lib/gcc/arm-none-eabi/11.3.1/../../../../arm-none-eabi/lib/thumb/v7e-m+fp/hard\libc_nano.a(libc_a-fflush.o)
                0x00000000080084d0                _fflush_r
 .text.__swbuf_r
                0x0000000008008520       0x7a C:/ST/STM32CubeIDE_1.13.2/STM32CubeIDE/plugins/com.st.stm32cube.ide.mcu.externaltools.gnu-tools-for-stm32.11.3.rel1.win32_1.1.100.202309141235/tools/bin/../lib/gcc/arm-none-eabi/11.3.1/../../../../arm-none-eabi/lib/thumb/v7e-m+fp/hard\libc_nano.a(libc_a-wbuf.o)
                0x0000000008008520                __swbuf_r
 *fill*         0x000000000800859a        0x2 
 .text.__swsetup_r
                0x000000000800859c       0xb0 C:/ST/STM32CubeIDE_1.13.2/STM32CubeIDE/plugins/com.st.stm32cube.ide.mcu.externaltools.gnu-tools-for-stm32.11.3.rel1.win32_1.1.100.202309141235/tools/bin/../lib/gcc/arm-none-eabi/11.3.1/../../../../arm-none-eabi/lib/thumb/v7e-m+fp/hard\libc_nano.a(libc_a-wsetup.o)
                0x000000000800859c                __swsetup_r
 .text._sbrk_r  0x000000000800864c       0x20 C:/ST/STM32CubeIDE_1.13.2/STM32CubeIDE/plugins/com.st.stm32cube.ide.mcu.externaltools.gnu-tools-for-stm32.11.3.rel1.win32_1.1.100.202309141235/tools/bin/../lib/gcc/arm-none-eabi/11.3.1/../../../../arm-none-eabi/lib/thumb/v7e-m+fp/hard\libc_nano.a(libc_a-sbrkr.o)
                0x000000000800864c                _sbrk_r
 .text.memcpy   0x000000000800866c       0x1c C:/ST/STM32CubeIDE_1.13.2/STM32CubeIDE/plugins/com.st.stm32cube.ide.mcu.externaltools.gnu-tools-for-stm32.11.3.rel1.win32_1.1.100.202309141235/tools/bin/../lib/gcc/arm-none-eabi/11.3.1/../../../../arm-none-eabi/lib/thumb/v7e-m+fp/hard\libc_nano.a(libc_a-memcpy-stub.o)
                0x000000000800866c                memcpy
 .text.__assert_func
                0x0000000008008688       0x3c C:/ST/STM32CubeIDE_1.13.2/STM32CubeIDE/plugins/com.st.stm32cube.ide.mcu.externaltools.gnu-tools-for-stm32.11.3.rel1.win32_1.1.100.202309141235/tools/bin/../lib/gcc/arm-none-eabi/11.3.1/../../../../arm-none-eabi/lib/thumb/v7e-m+fp/hard\libc_nano.a(libc_a-assert.o)
                0x0000000008008688                __assert_func
 .text._calloc_r
                0x00000000080086c4       0x2c C:/ST/STM32CubeIDE_1.13.2/STM32CubeIDE/plugins/com.st.stm32cube.ide.mcu.externaltools.gnu-tools-for-stm32.11.3.rel1.win32_1.1.100.202309141235/tools/bin/../lib/gcc/arm-none-eabi/11.3.1/../../../../arm-none-eabi/lib/thumb/v7e-m+fp/hard\libc_nano.a(libc_a-callocr.o)
                0x00000000080086c4                _calloc_r
 .text.__ascii_mbtowc
                0x00000000080086f0       0x24 C:/ST/STM32CubeIDE_1.13.2/STM32CubeIDE/plugins/com.st.stm32cube.ide.mcu.externaltools.gnu-tools-for-stm32.11.3.rel1.win32_1.1.100.202309141235/tools/bin/../lib/gcc/arm-none-eabi/11.3.1/../../../../arm-none-eabi/lib/thumb/v7e-m+fp/hard\libc_nano.a(libc_a-mbtowc_r.o)
                0x00000000080086f0                __ascii_mbtowc
 .text.__ascii_wctomb
                0x0000000008008714       0x1a C:/ST/STM32CubeIDE_1.13.2/STM32CubeIDE/plugins/com.st.stm32cube.ide.mcu.externaltools.gnu-tools-for-stm32.11.3.rel1.win32_1.1.100.202309141235/tools/bin/../lib/gcc/arm-none-eabi/11.3.1/../../../../arm-none-eabi/lib/thumb/v7e-m+fp/hard\libc_nano.a(libc_a-wctomb_r.o)
                0x0000000008008714                __ascii_wctomb
 *fill*         0x000000000800872e        0x2 
 .text.fprintf  0x0000000008008730       0x24 C:/ST/STM32CubeIDE_1.13.2/STM32CubeIDE/plugins/com.st.stm32cube.ide.mcu.externaltools.gnu-tools-for-stm32.11.3.rel1.win32_1.1.100.202309141235/tools/bin/../lib/gcc/arm-none-eabi/11.3.1/../../../../arm-none-eabi/lib/thumb/v7e-m+fp/hard\libc_nano.a(libc_a-fprintf.o)
                0x0000000008008730                fiprintf
                0x0000000008008730                fprintf
 .text.__swhatbuf_r
                0x0000000008008754       0x4c C:/ST/STM32CubeIDE_1.13.2/STM32CubeIDE/plugins/com.st.stm32cube.ide.mcu.externaltools.gnu-tools-for-stm32.11.3.rel1.win32_1.1.100.202309141235/tools/bin/../lib/gcc/arm-none-eabi/11.3.1/../../../../arm-none-eabi/lib/thumb/v7e-m+fp/hard\libc_nano.a(libc_a-makebuf.o)
                0x0000000008008754                __swhatbuf_r
 .text.__smakebuf_r
                0x00000000080087a0       0x78 C:/ST/STM32CubeIDE_1.13.2/STM32CubeIDE/plugins/com.st.stm32cube.ide.mcu.externaltools.gnu-tools-for-stm32.11.3.rel1.win32_1.1.100.202309141235/tools/bin/../lib/gcc/arm-none-eabi/11.3.1/../../../../arm-none-eabi/lib/thumb/v7e-m+fp/hard\libc_nano.a(libc_a-makebuf.o)
                0x00000000080087a0                __smakebuf_r
 .text._fstat_r
                0x0000000008008818       0x24 C:/ST/STM32CubeIDE_1.13.2/STM32CubeIDE/plugins/com.st.stm32cube.ide.mcu.externaltools.gnu-tools-for-stm32.11.3.rel1.win32_1.1.100.202309141235/tools/bin/../lib/gcc/arm-none-eabi/11.3.1/../../../../arm-none-eabi/lib/thumb/v7e-m+fp/hard\libc_nano.a(libc_a-fstatr.o)
                0x0000000008008818                _fstat_r
 .text._isatty_r
                0x000000000800883c       0x20 C:/ST/STM32CubeIDE_1.13.2/STM32CubeIDE/plugins/com.st.stm32cube.ide.mcu.externaltools.gnu-tools-for-stm32.11.3.rel1.win32_1.1.100.202309141235/tools/bin/../lib/gcc/arm-none-eabi/11.3.1/../../../../arm-none-eabi/lib/thumb/v7e-m+fp/hard\libc_nano.a(libc_a-isattyr.o)
                0x000000000800883c                _isatty_r
 .text.abort    0x000000000800885c        0xe C:/ST/STM32CubeIDE_1.13.2/STM32CubeIDE/plugins/com.st.stm32cube.ide.mcu.externaltools.gnu-tools-for-stm32.11.3.rel1.win32_1.1.100.202309141235/tools/bin/../lib/gcc/arm-none-eabi/11.3.1/../../../../arm-none-eabi/lib/thumb/v7e-m+fp/hard\libc_nano.a(libc_a-abort.o)
                0x000000000800885c                abort
 .text._raise_r
                0x000000000800886a       0x50 C:/ST/STM32CubeIDE_1.13.2/STM32CubeIDE/plugins/com.st.stm32cube.ide.mcu.externaltools.gnu-tools-for-stm32.11.3.rel1.win32_1.1.100.202309141235/tools/bin/../lib/gcc/arm-none-eabi/11.3.1/../../../../arm-none-eabi/lib/thumb/v7e-m+fp/hard\libc_nano.a(libc_a-signal.o)
                0x000000000800886a                _raise_r
 *fill*         0x00000000080088ba        0x2 
 .text.raise    0x00000000080088bc       0x10 C:/ST/STM32CubeIDE_1.13.2/STM32CubeIDE/plugins/com.st.stm32cube.ide.mcu.externaltools.gnu-tools-for-stm32.11.3.rel1.win32_1.1.100.202309141235/tools/bin/../lib/gcc/arm-none-eabi/11.3.1/../../../../arm-none-eabi/lib/thumb/v7e-m+fp/hard\libc_nano.a(libc_a-signal.o)
                0x00000000080088bc                raise
 .text._kill_r  0x00000000080088cc       0x24 C:/ST/STM32CubeIDE_1.13.2/STM32CubeIDE/plugins/com.st.stm32cube.ide.mcu.externaltools.gnu-tools-for-stm32.11.3.rel1.win32_1.1.100.202309141235/tools/bin/../lib/gcc/arm-none-eabi/11.3.1/../../../../arm-none-eabi/lib/thumb/v7e-m+fp/hard\libc_nano.a(libc_a-signalr.o)
                0x00000000080088cc                _kill_r
 .text._getpid_r
                0x00000000080088f0        0x4 C:/ST/STM32CubeIDE_1.13.2/STM32CubeIDE/plugins/com.st.stm32cube.ide.mcu.externaltools.gnu-tools-for-stm32.11.3.rel1.win32_1.1.100.202309141235/tools/bin/../lib/gcc/arm-none-eabi/11.3.1/../../../../arm-none-eabi/lib/thumb/v7e-m+fp/hard\libc_nano.a(libc_a-signalr.o)
                0x00000000080088f0                _getpid_r
 *(.glue_7)
 .glue_7        0x00000000080088f4        0x0 linker stubs
 *(.glue_7t)
 .glue_7t       0x00000000080088f4        0x0 linker stubs
 *(.eh_frame)
 .eh_frame      0x00000000080088f4        0x0 C:/ST/STM32CubeIDE_1.13.2/STM32CubeIDE/plugins/com.st.stm32cube.ide.mcu.externaltools.gnu-tools-for-stm32.11.3.rel1.win32_1.1.100.202309141235/tools/bin/../lib/gcc/arm-none-eabi/11.3.1/thumb/v7e-m+fp/hard/crtbegin.o
 *(.init)
 .init          0x00000000080088f4        0x4 C:/ST/STM32CubeIDE_1.13.2/STM32CubeIDE/plugins/com.st.stm32cube.ide.mcu.externaltools.gnu-tools-for-stm32.11.3.rel1.win32_1.1.100.202309141235/tools/bin/../lib/gcc/arm-none-eabi/11.3.1/thumb/v7e-m+fp/hard/crti.o
                0x00000000080088f4                _init
 .init          0x00000000080088f8        0x8 C:/ST/STM32CubeIDE_1.13.2/STM32CubeIDE/plugins/com.st.stm32cube.ide.mcu.externaltools.gnu-tools-for-stm32.11.3.rel1.win32_1.1.100.202309141235/tools/bin/../lib/gcc/arm-none-eabi/11.3.1/thumb/v7e-m+fp/hard/crtn.o
 *(.fini)
 .fini          0x0000000008008900        0x4 C:/ST/STM32CubeIDE_1.13.2/STM32CubeIDE/plugins/com.st.stm32cube.ide.mcu.externaltools.gnu-tools-for-stm32.11.3.rel1.win32_1.1.100.202309141235/tools/bin/../lib/gcc/arm-none-eabi/11.3.1/thumb/v7e-m+fp/hard/crti.o
                0x0000000008008900                _fini
 .fini          0x0000000008008904        0x8 C:/ST/STM32CubeIDE_1.13.2/STM32CubeIDE/plugins/com.st.stm32cube.ide.mcu.externaltools.gnu-tools-for-stm32.11.3.rel1.win32_1.1.100.202309141235/tools/bin/../lib/gcc/arm-none-eabi/11.3.1/thumb/v7e-m+fp/hard/crtn.o
                0x000000000800890c                . = ALIGN (0x4)
                0x000000000800890c                _etext = .

.vfp11_veneer   0x000000000800890c        0x0
 .vfp11_veneer  0x000000000800890c        0x0 linker stubs

.v4_bx          0x000000000800890c        0x0
 .v4_bx         0x000000000800890c        0x0 linker stubs

.iplt           0x000000000800890c        0x0
 .iplt          0x000000000800890c        0x0 C:/ST/STM32CubeIDE_1.13.2/STM32CubeIDE/plugins/com.st.stm32cube.ide.mcu.externaltools.gnu-tools-for-stm32.11.3.rel1.win32_1.1.100.202309141235/tools/bin/../lib/gcc/arm-none-eabi/11.3.1/thumb/v7e-m+fp/hard/crtbegin.o

.rodata         0x0000000008008910      0x404
                0x0000000008008910                . = ALIGN (0x4)
 *(.rodata)
 .rodata        0x0000000008008910       0x41 ./Core/Src/main.o
 *fill*         0x0000000008008951        0x3 
 .rodata        0x0000000008008954       0x24 ./Core/Src/mpu6500.o
 *(.rodata*)
 .rodata.AHBPrescTable
                0x0000000008008978       0x10 ./Core/Src/system_stm32f4xx.o
                0x0000000008008978                AHBPrescTable
 .rodata.APBPrescTable
                0x0000000008008988        0x8 ./Core/Src/system_stm32f4xx.o
                0x0000000008008988                APBPrescTable
 .rodata.OFFSET_TAB_CCMRx
                0x0000000008008990        0x7 ./Core/Src/tim.o
 *fill*         0x0000000008008997        0x1 
 .rodata.SHIFT_TAB_OCxx
                0x0000000008008998        0x7 ./Core/Src/tim.o
 .rodata._printf_float.str1.1
                0x000000000800899f       0x12 C:/ST/STM32CubeIDE_1.13.2/STM32CubeIDE/plugins/com.st.stm32cube.ide.mcu.externaltools.gnu-tools-for-stm32.11.3.rel1.win32_1.1.100.202309141235/tools/bin/../lib/gcc/arm-none-eabi/11.3.1/../../../../arm-none-eabi/lib/thumb/v7e-m+fp/hard\libc_nano.a(libc_a-nano-vfprintf_float.o)
 .rodata._printf_i.str1.1
                0x00000000080089b1       0x22 C:/ST/STM32CubeIDE_1.13.2/STM32CubeIDE/plugins/com.st.stm32cube.ide.mcu.externaltools.gnu-tools-for-stm32.11.3.rel1.win32_1.1.100.202309141235/tools/bin/../lib/gcc/arm-none-eabi/11.3.1/../../../../arm-none-eabi/lib/thumb/v7e-m+fp/hard\libc_nano.a(libc_a-nano-vfprintf_i.o)
 .rodata._dtoa_r.str1.1
                0x00000000080089d3       0x8d C:/ST/STM32CubeIDE_1.13.2/STM32CubeIDE/plugins/com.st.stm32cube.ide.mcu.externaltools.gnu-tools-for-stm32.11.3.rel1.win32_1.1.100.202309141235/tools/bin/../lib/gcc/arm-none-eabi/11.3.1/../../../../arm-none-eabi/lib/thumb/v7e-m+fp/hard\libc_nano.a(libc_a-dtoa.o)
                                         0x8f (size before relaxing)
 .rodata._Balloc.str1.1
                0x0000000008008a60       0x59 C:/ST/STM32CubeIDE_1.13.2/STM32CubeIDE/plugins/com.st.stm32cube.ide.mcu.externaltools.gnu-tools-for-stm32.11.3.rel1.win32_1.1.100.202309141235/tools/bin/../lib/gcc/arm-none-eabi/11.3.1/../../../../arm-none-eabi/lib/thumb/v7e-m+fp/hard\libc_nano.a(libc_a-mprec.o)
                                         0x70 (size before relaxing)
 .rodata.__multadd.str1.1
                0x0000000008008ab9       0x11 C:/ST/STM32CubeIDE_1.13.2/STM32CubeIDE/plugins/com.st.stm32cube.ide.mcu.externaltools.gnu-tools-for-stm32.11.3.rel1.win32_1.1.100.202309141235/tools/bin/../lib/gcc/arm-none-eabi/11.3.1/../../../../arm-none-eabi/lib/thumb/v7e-m+fp/hard\libc_nano.a(libc_a-mprec.o)
 *fill*         0x0000000008008ab9        0x7 
 .rodata.__mprec_bigtens
                0x0000000008008ac0       0x28 C:/ST/STM32CubeIDE_1.13.2/STM32CubeIDE/plugins/com.st.stm32cube.ide.mcu.externaltools.gnu-tools-for-stm32.11.3.rel1.win32_1.1.100.202309141235/tools/bin/../lib/gcc/arm-none-eabi/11.3.1/../../../../arm-none-eabi/lib/thumb/v7e-m+fp/hard\libc_nano.a(libc_a-mprec.o)
                0x0000000008008ac0                __mprec_bigtens
 .rodata.__mprec_tens
                0x0000000008008ae8       0xc8 C:/ST/STM32CubeIDE_1.13.2/STM32CubeIDE/plugins/com.st.stm32cube.ide.mcu.externaltools.gnu-tools-for-stm32.11.3.rel1.win32_1.1.100.202309141235/tools/bin/../lib/gcc/arm-none-eabi/11.3.1/../../../../arm-none-eabi/lib/thumb/v7e-m+fp/hard\libc_nano.a(libc_a-mprec.o)
                0x0000000008008ae8                __mprec_tens
 .rodata.p05.0  0x0000000008008bb0        0xc C:/ST/STM32CubeIDE_1.13.2/STM32CubeIDE/plugins/com.st.stm32cube.ide.mcu.externaltools.gnu-tools-for-stm32.11.3.rel1.win32_1.1.100.202309141235/tools/bin/../lib/gcc/arm-none-eabi/11.3.1/../../../../arm-none-eabi/lib/thumb/v7e-m+fp/hard\libc_nano.a(libc_a-mprec.o)
 .rodata._vfprintf_r.str1.1
                0x0000000008008bbc       0x11 C:/ST/STM32CubeIDE_1.13.2/STM32CubeIDE/plugins/com.st.stm32cube.ide.mcu.externaltools.gnu-tools-for-stm32.11.3.rel1.win32_1.1.100.202309141235/tools/bin/../lib/gcc/arm-none-eabi/11.3.1/../../../../arm-none-eabi/lib/thumb/v7e-m+fp/hard\libc_nano.a(libc_a-nano-vfprintf.o)
 .rodata._setlocale_r.str1.1
                0x0000000008008bcd        0x8 C:/ST/STM32CubeIDE_1.13.2/STM32CubeIDE/plugins/com.st.stm32cube.ide.mcu.externaltools.gnu-tools-for-stm32.11.3.rel1.win32_1.1.100.202309141235/tools/bin/../lib/gcc/arm-none-eabi/11.3.1/../../../../arm-none-eabi/lib/thumb/v7e-m+fp/hard\libc_nano.a(libc_a-locale.o)
                                          0x9 (size before relaxing)
 .rodata.str1.1
                0x0000000008008bd5        0x2 C:/ST/STM32CubeIDE_1.13.2/STM32CubeIDE/plugins/com.st.stm32cube.ide.mcu.externaltools.gnu-tools-for-stm32.11.3.rel1.win32_1.1.100.202309141235/tools/bin/../lib/gcc/arm-none-eabi/11.3.1/../../../../arm-none-eabi/lib/thumb/v7e-m+fp/hard\libc_nano.a(libc_a-locale.o)
 .rodata.__assert_func.str1.1
                0x0000000008008bd7       0x3c C:/ST/STM32CubeIDE_1.13.2/STM32CubeIDE/plugins/com.st.stm32cube.ide.mcu.externaltools.gnu-tools-for-stm32.11.3.rel1.win32_1.1.100.202309141235/tools/bin/../lib/gcc/arm-none-eabi/11.3.1/../../../../arm-none-eabi/lib/thumb/v7e-m+fp/hard\libc_nano.a(libc_a-assert.o)
                                         0x3d (size before relaxing)
 .rodata._ctype_
                0x0000000008008c13      0x101 C:/ST/STM32CubeIDE_1.13.2/STM32CubeIDE/plugins/com.st.stm32cube.ide.mcu.externaltools.gnu-tools-for-stm32.11.3.rel1.win32_1.1.100.202309141235/tools/bin/../lib/gcc/arm-none-eabi/11.3.1/../../../../arm-none-eabi/lib/thumb/v7e-m+fp/hard\libc_nano.a(libc_a-ctype_.o)
                0x0000000008008c13                _ctype_
                0x0000000008008d14                . = ALIGN (0x4)

.ARM.extab      0x0000000008008d14        0x0
                0x0000000008008d14                . = ALIGN (0x4)
 *(.ARM.extab* .gnu.linkonce.armextab.*)
                0x0000000008008d14                . = ALIGN (0x4)

.ARM            0x0000000008008d14        0x8
                0x0000000008008d14                . = ALIGN (0x4)
                0x0000000008008d14                __exidx_start = .
 *(.ARM.exidx*)
 .ARM.exidx     0x0000000008008d14        0x8 C:/ST/STM32CubeIDE_1.13.2/STM32CubeIDE/plugins/com.st.stm32cube.ide.mcu.externaltools.gnu-tools-for-stm32.11.3.rel1.win32_1.1.100.202309141235/tools/bin/../lib/gcc/arm-none-eabi/11.3.1/thumb/v7e-m+fp/hard\libgcc.a(_udivmoddi4.o)
                0x0000000008008d1c                __exidx_end = .
                0x0000000008008d1c                . = ALIGN (0x4)

.rel.dyn        0x0000000008008d1c        0x0
 .rel.iplt      0x0000000008008d1c        0x0 C:/ST/STM32CubeIDE_1.13.2/STM32CubeIDE/plugins/com.st.stm32cube.ide.mcu.externaltools.gnu-tools-for-stm32.11.3.rel1.win32_1.1.100.202309141235/tools/bin/../lib/gcc/arm-none-eabi/11.3.1/thumb/v7e-m+fp/hard/crtbegin.o

.preinit_array  0x0000000008008d1c        0x0
                0x0000000008008d1c                . = ALIGN (0x4)
                0x0000000008008d1c                PROVIDE (__preinit_array_start = .)
 *(.preinit_array*)
                0x0000000008008d1c                PROVIDE (__preinit_array_end = .)
                0x0000000008008d1c                . = ALIGN (0x4)

.init_array     0x0000000008008d1c        0x4
                0x0000000008008d1c                . = ALIGN (0x4)
                0x0000000008008d1c                PROVIDE (__init_array_start = .)
 *(SORT_BY_NAME(.init_array.*))
 *(.init_array*)
 .init_array    0x0000000008008d1c        0x4 C:/ST/STM32CubeIDE_1.13.2/STM32CubeIDE/plugins/com.st.stm32cube.ide.mcu.externaltools.gnu-tools-for-stm32.11.3.rel1.win32_1.1.100.202309141235/tools/bin/../lib/gcc/arm-none-eabi/11.3.1/thumb/v7e-m+fp/hard/crtbegin.o
                0x0000000008008d20                PROVIDE (__init_array_end = .)
                0x0000000008008d20                . = ALIGN (0x4)

.fini_array     0x0000000008008d20        0x4
                0x0000000008008d20                . = ALIGN (0x4)
                [!provide]                        PROVIDE (__fini_array_start = .)
 *(SORT_BY_NAME(.fini_array.*))
 *(.fini_array*)
 .fini_array    0x0000000008008d20        0x4 C:/ST/STM32CubeIDE_1.13.2/STM32CubeIDE/plugins/com.st.stm32cube.ide.mcu.externaltools.gnu-tools-for-stm32.11.3.rel1.win32_1.1.100.202309141235/tools/bin/../lib/gcc/arm-none-eabi/11.3.1/thumb/v7e-m+fp/hard/crtbegin.o
                [!provide]                        PROVIDE (__fini_array_end = .)
                0x0000000008008d24                . = ALIGN (0x4)
                0x0000000008008d24                _sidata = LOADADDR (.data)

.data           0x0000000020000000      0x1d8 load address 0x0000000008008d24
                0x0000000020000000                . = ALIGN (0x4)
                0x0000000020000000                _sdata = .
 *(.data)
 *(.data*)
 .data.RxNumber
                0x0000000020000000        0x1 ./Core/Src/main.o
                0x0000000020000000                RxNumber
 *fill*         0x0000000020000001        0x3 
 .data.SystemCoreClock
                0x0000000020000004        0x4 ./Core/Src/system_stm32f4xx.o
                0x0000000020000004                SystemCoreClock
 .data.uwTickPrio
                0x0000000020000008        0x4 ./Drivers/STM32F4xx_HAL_Driver/Src/stm32f4xx_hal.o
                0x0000000020000008                uwTickPrio
 .data.uwTickFreq
                0x000000002000000c        0x1 ./Drivers/STM32F4xx_HAL_Driver/Src/stm32f4xx_hal.o
                0x000000002000000c                uwTickFreq
 *fill*         0x000000002000000d        0x3 
 .data.__sglue  0x0000000020000010        0xc C:/ST/STM32CubeIDE_1.13.2/STM32CubeIDE/plugins/com.st.stm32cube.ide.mcu.externaltools.gnu-tools-for-stm32.11.3.rel1.win32_1.1.100.202309141235/tools/bin/../lib/gcc/arm-none-eabi/11.3.1/../../../../arm-none-eabi/lib/thumb/v7e-m+fp/hard\libc_nano.a(libc_a-findfp.o)
                0x0000000020000010                __sglue
 .data._impure_data
                0x000000002000001c       0x4c C:/ST/STM32CubeIDE_1.13.2/STM32CubeIDE/plugins/com.st.stm32cube.ide.mcu.externaltools.gnu-tools-for-stm32.11.3.rel1.win32_1.1.100.202309141235/tools/bin/../lib/gcc/arm-none-eabi/11.3.1/../../../../arm-none-eabi/lib/thumb/v7e-m+fp/hard\libc_nano.a(libc_a-impure.o)
                0x000000002000001c                _impure_data
 .data._impure_ptr
                0x0000000020000068        0x4 C:/ST/STM32CubeIDE_1.13.2/STM32CubeIDE/plugins/com.st.stm32cube.ide.mcu.externaltools.gnu-tools-for-stm32.11.3.rel1.win32_1.1.100.202309141235/tools/bin/../lib/gcc/arm-none-eabi/11.3.1/../../../../arm-none-eabi/lib/thumb/v7e-m+fp/hard\libc_nano.a(libc_a-impure.o)
                0x0000000020000068                _impure_ptr
 .data.__global_locale
                0x000000002000006c      0x16c C:/ST/STM32CubeIDE_1.13.2/STM32CubeIDE/plugins/com.st.stm32cube.ide.mcu.externaltools.gnu-tools-for-stm32.11.3.rel1.win32_1.1.100.202309141235/tools/bin/../lib/gcc/arm-none-eabi/11.3.1/../../../../arm-none-eabi/lib/thumb/v7e-m+fp/hard\libc_nano.a(libc_a-locale.o)
                0x000000002000006c                __global_locale
 *(.RamFunc)
 *(.RamFunc*)
                0x00000000200001d8                . = ALIGN (0x4)
                0x00000000200001d8                _edata = .

.igot.plt       0x00000000200001d8        0x0 load address 0x0000000008008efc
 .igot.plt      0x00000000200001d8        0x0 C:/ST/STM32CubeIDE_1.13.2/STM32CubeIDE/plugins/com.st.stm32cube.ide.mcu.externaltools.gnu-tools-for-stm32.11.3.rel1.win32_1.1.100.202309141235/tools/bin/../lib/gcc/arm-none-eabi/11.3.1/thumb/v7e-m+fp/hard/crtbegin.o
                0x00000000200001d8                . = ALIGN (0x4)

.bss            0x00000000200001d8      0x1cc load address 0x0000000008008efc
                0x00000000200001d8                _sbss = .
                0x00000000200001d8                __bss_start__ = _sbss
 *(.bss)
 .bss           0x00000000200001d8       0x1c C:/ST/STM32CubeIDE_1.13.2/STM32CubeIDE/plugins/com.st.stm32cube.ide.mcu.externaltools.gnu-tools-for-stm32.11.3.rel1.win32_1.1.100.202309141235/tools/bin/../lib/gcc/arm-none-eabi/11.3.1/thumb/v7e-m+fp/hard/crtbegin.o
 *(.bss*)
 .bss.usart_data_req
                0x00000000200001f4        0x2 ./Core/Src/main.o
                0x00000000200001f4                usart_data_req
 .bss.usart_rx_data
                0x00000000200001f6        0x1 ./Core/Src/main.o
                0x00000000200001f6                usart_rx_data
 .bss.mpu_update
                0x00000000200001f7        0x1 ./Core/Src/main.o
                0x00000000200001f7                mpu_update
 .bss.Transmitter_Rx_flag
                0x00000000200001f8        0x1 ./Core/Src/main.o
                0x00000000200001f8                Transmitter_Rx_flag
 *fill*         0x00000000200001f9        0x3 
 .bss.RxBuffer  0x00000000200001fc       0x18 ./Core/Src/main.o
                0x00000000200001fc                RxBuffer
 .bss.gx        0x0000000020000214        0x4 ./Core/Src/main.o
                0x0000000020000214                gx
 .bss.gy        0x0000000020000218        0x4 ./Core/Src/main.o
                0x0000000020000218                gy
 .bss.gz        0x000000002000021c        0x4 ./Core/Src/main.o
                0x000000002000021c                gz
 .bss.ax        0x0000000020000220        0x4 ./Core/Src/main.o
                0x0000000020000220                ax
 .bss.ay        0x0000000020000224        0x4 ./Core/Src/main.o
                0x0000000020000224                ay
 .bss.az        0x0000000020000228        0x4 ./Core/Src/main.o
                0x0000000020000228                az
 .bss.throttle  0x000000002000022c        0x2 ./Core/Src/main.o
                0x000000002000022c                throttle
 .bss.yaw       0x000000002000022e        0x2 ./Core/Src/main.o
                0x000000002000022e                yaw
 .bss.pitch     0x0000000020000230        0x2 ./Core/Src/main.o
                0x0000000020000230                pitch
 .bss.roll      0x0000000020000232        0x2 ./Core/Src/main.o
                0x0000000020000232                roll
 .bss.__IMU__BUFFER__
                0x0000000020000234        0xe ./Core/Src/mpu6500.o
                0x0000000020000234                __IMU__BUFFER__
 *fill*         0x0000000020000242        0x2 
 .bss.c_gx      0x0000000020000244        0x4 ./Core/Src/mpu6500.o
                0x0000000020000244                c_gx
 .bss.c_gy      0x0000000020000248        0x4 ./Core/Src/mpu6500.o
                0x0000000020000248                c_gy
 .bss.c_gz      0x000000002000024c        0x4 ./Core/Src/mpu6500.o
                0x000000002000024c                c_gz
 .bss.__sbrk_heap_end
                0x0000000020000250        0x4 ./Core/Src/sysmem.o
 .bss.uwTick    0x0000000020000254        0x4 ./Drivers/STM32F4xx_HAL_Driver/Src/stm32f4xx_hal.o
                0x0000000020000254                uwTick
 .bss.__sf      0x0000000020000258      0x138 C:/ST/STM32CubeIDE_1.13.2/STM32CubeIDE/plugins/com.st.stm32cube.ide.mcu.externaltools.gnu-tools-for-stm32.11.3.rel1.win32_1.1.100.202309141235/tools/bin/../lib/gcc/arm-none-eabi/11.3.1/../../../../arm-none-eabi/lib/thumb/v7e-m+fp/hard\libc_nano.a(libc_a-findfp.o)
                0x0000000020000258                __sf
 .bss.__stdio_exit_handler
                0x0000000020000390        0x4 C:/ST/STM32CubeIDE_1.13.2/STM32CubeIDE/plugins/com.st.stm32cube.ide.mcu.externaltools.gnu-tools-for-stm32.11.3.rel1.win32_1.1.100.202309141235/tools/bin/../lib/gcc/arm-none-eabi/11.3.1/../../../../arm-none-eabi/lib/thumb/v7e-m+fp/hard\libc_nano.a(libc_a-findfp.o)
                0x0000000020000390                __stdio_exit_handler
 .bss.errno     0x0000000020000394        0x4 C:/ST/STM32CubeIDE_1.13.2/STM32CubeIDE/plugins/com.st.stm32cube.ide.mcu.externaltools.gnu-tools-for-stm32.11.3.rel1.win32_1.1.100.202309141235/tools/bin/../lib/gcc/arm-none-eabi/11.3.1/../../../../arm-none-eabi/lib/thumb/v7e-m+fp/hard\libc_nano.a(libc_a-reent.o)
                0x0000000020000394                errno
 .bss.__lock___malloc_recursive_mutex
                0x0000000020000398        0x1 C:/ST/STM32CubeIDE_1.13.2/STM32CubeIDE/plugins/com.st.stm32cube.ide.mcu.externaltools.gnu-tools-for-stm32.11.3.rel1.win32_1.1.100.202309141235/tools/bin/../lib/gcc/arm-none-eabi/11.3.1/../../../../arm-none-eabi/lib/thumb/v7e-m+fp/hard\libc_nano.a(libc_a-lock.o)
                0x0000000020000398                __lock___malloc_recursive_mutex
 .bss.__lock___sfp_recursive_mutex